Archive member included to satisfy reference by file (symbol)

C:/devkitPro/devkitA64/bin/../lib/gcc/aarch64-none-elf/13.1.0/../../../../aarch64-none-elf/lib/pic\libstdc++.a(del_ops.o)
                              cpputils.o (symbol from plugin) (operator delete(void*, unsigned long))
C:/devkitPro/devkitA64/bin/../lib/gcc/aarch64-none-elf/13.1.0/../../../../aarch64-none-elf/lib/pic\libstdc++.a(del_opv.o)
                              cpputils.o (symbol from plugin) (operator delete[](void*))
C:/devkitPro/devkitA64/bin/../lib/gcc/aarch64-none-elf/13.1.0/../../../../aarch64-none-elf/lib/pic\libstdc++.a(new_op.o)
                              KernelLogger.o (symbol from plugin) (operator new(unsigned long))
C:/devkitPro/devkitA64/bin/../lib/gcc/aarch64-none-elf/13.1.0/../../../../aarch64-none-elf/lib/pic\libstdc++.a(new_opv.o)
                              cpputils.o (symbol from plugin) (operator new[](unsigned long))
C:/devkitPro/devkitA64/bin/../lib/gcc/aarch64-none-elf/13.1.0/../../../../aarch64-none-elf/lib/pic\libstdc++.a(functexcept.o)
                              KernelLogger.o (symbol from plugin) (std::__throw_bad_alloc())
C:/devkitPro/devkitA64/bin/../lib/gcc/aarch64-none-elf/13.1.0/../../../../aarch64-none-elf/lib/pic\libstdc++.a(functional.o)
                              cpputils.o (symbol from plugin) (std::__throw_bad_function_call())
C:/devkitPro/devkitA64/bin/../lib/gcc/aarch64-none-elf/13.1.0/../../../../aarch64-none-elf/lib/pic\libstdc++.a(shared_ptr.o)
                              cpputils.o (symbol from plugin) (std::_Sp_make_shared_tag::_S_eq(std::type_info const&))
C:/devkitPro/devkitA64/bin/../lib/gcc/aarch64-none-elf/13.1.0/../../../../aarch64-none-elf/lib/pic\libstdc++.a(bad_alloc.o)
                              C:/devkitPro/devkitA64/bin/../lib/gcc/aarch64-none-elf/13.1.0/../../../../aarch64-none-elf/lib/pic\libstdc++.a(new_op.o) (vtable for std::bad_alloc)
C:/devkitPro/devkitA64/bin/../lib/gcc/aarch64-none-elf/13.1.0/../../../../aarch64-none-elf/lib/pic\libstdc++.a(bad_array_new.o)
                              C:/devkitPro/devkitA64/bin/../lib/gcc/aarch64-none-elf/13.1.0/../../../../aarch64-none-elf/lib/pic\libstdc++.a(functexcept.o) (vtable for std::bad_array_new_length)
C:/devkitPro/devkitA64/bin/../lib/gcc/aarch64-none-elf/13.1.0/../../../../aarch64-none-elf/lib/pic\libstdc++.a(bad_cast.o)
                              C:/devkitPro/devkitA64/bin/../lib/gcc/aarch64-none-elf/13.1.0/../../../../aarch64-none-elf/lib/pic\libstdc++.a(functexcept.o) (vtable for std::bad_cast)
C:/devkitPro/devkitA64/bin/../lib/gcc/aarch64-none-elf/13.1.0/../../../../aarch64-none-elf/lib/pic\libstdc++.a(bad_typeid.o)
                              C:/devkitPro/devkitA64/bin/../lib/gcc/aarch64-none-elf/13.1.0/../../../../aarch64-none-elf/lib/pic\libstdc++.a(functexcept.o) (vtable for std::bad_typeid)
C:/devkitPro/devkitA64/bin/../lib/gcc/aarch64-none-elf/13.1.0/../../../../aarch64-none-elf/lib/pic\libstdc++.a(del_op.o)
                              C:/devkitPro/devkitA64/bin/../lib/gcc/aarch64-none-elf/13.1.0/../../../../aarch64-none-elf/lib/pic\libstdc++.a(del_ops.o) (operator delete(void*))
C:/devkitPro/devkitA64/bin/../lib/gcc/aarch64-none-elf/13.1.0/../../../../aarch64-none-elf/lib/pic\libstdc++.a(eh_alloc.o)
                              C:/devkitPro/devkitA64/bin/../lib/gcc/aarch64-none-elf/13.1.0/../../../../aarch64-none-elf/lib/pic\libstdc++.a(new_op.o) (__cxa_allocate_exception)
C:/devkitPro/devkitA64/bin/../lib/gcc/aarch64-none-elf/13.1.0/../../../../aarch64-none-elf/lib/pic\libstdc++.a(eh_exception.o)
                              C:/devkitPro/devkitA64/bin/../lib/gcc/aarch64-none-elf/13.1.0/../../../../aarch64-none-elf/lib/pic\libstdc++.a(functional.o) (std::exception::~exception())
C:/devkitPro/devkitA64/bin/../lib/gcc/aarch64-none-elf/13.1.0/../../../../aarch64-none-elf/lib/pic\libstdc++.a(eh_personality.o)
                              C:/devkitPro/devkitA64/bin/../lib/gcc/aarch64-none-elf/13.1.0/../../../../aarch64-none-elf/lib/pic\libstdc++.a(functexcept.o) (__gxx_personality_v0)
C:/devkitPro/devkitA64/bin/../lib/gcc/aarch64-none-elf/13.1.0/../../../../aarch64-none-elf/lib/pic\libstdc++.a(eh_terminate.o)
                              C:/devkitPro/devkitA64/bin/../lib/gcc/aarch64-none-elf/13.1.0/../../../../aarch64-none-elf/lib/pic\libstdc++.a(eh_personality.o) (__cxxabiv1::__terminate(void (*)()))
C:/devkitPro/devkitA64/bin/../lib/gcc/aarch64-none-elf/13.1.0/../../../../aarch64-none-elf/lib/pic\libstdc++.a(eh_throw.o)
                              C:/devkitPro/devkitA64/bin/../lib/gcc/aarch64-none-elf/13.1.0/../../../../aarch64-none-elf/lib/pic\libstdc++.a(new_op.o) (__cxa_throw)
C:/devkitPro/devkitA64/bin/../lib/gcc/aarch64-none-elf/13.1.0/../../../../aarch64-none-elf/lib/pic\libstdc++.a(eh_unex_handler.o)
[...]
Memory Configuration

Name             Origin             Length             Attributes
*default*        0x0000000000000000 0xffffffffffffffff

Linker script and memory map

                0x0000000000000000                PROVIDE (__start__ = 0x0)
                0x0000000000000000                . = __start__
                0x0000000000000000                __code_start__ = .

.text           0x0000000000000000     0x9d6c
                0x0000000000000000                __text_start__ = .
 *(.text.crt0)
 .text.crt0     0x0000000000000000       0xe4 crt0.o
                0x0000000000000000                __module_start
 *(.text .text.*)
 *fill*         0x00000000000000e4        0xc 
 .text.__do_global_dtors_aux
                0x00000000000000f0       0x44 C:/devkitPro/devkitA64/bin/../lib/gcc/aarch64-none-elf/13.1.0/pic/crtbegin.o
 *fill*         0x0000000000000134        0xc 
 .text.frame_dummy
                0x0000000000000140       0x24 C:/devkitPro/devkitA64/bin/../lib/gcc/aarch64-none-elf/13.1.0/pic/crtbegin.o
 *fill*         0x0000000000000164        0xc 
 .text          0x0000000000000170     0x3498 C:\devkitPro\msys2\tmp\ccJ1gBrH.ltrans0.ltrans.o
                0x0000000000001f80                A64HookFunction
                0x0000000000002240                A64InlineHook
                0x00000000000024a0                sky_memcpy
                0x0000000000002590                void std::__cxx11::basic_string<char, std::char_traits<char>, std::allocator<char> >::_M_construct<char const*>(char const*, char const*, std::forward_iterator_tag)
                0x0000000000002640                std::__cxx11::basic_string<char, std::char_traits<char>, std::allocator<char> >::_M_create(unsigned long&, unsigned long)
                0x00000000000026a0                std::__cxx11::basic_string<char, std::char_traits<char>, std::allocator<char> >::append(char const*)
                0x0000000000002840                std::__cxx11::basic_string<char, std::char_traits<char>, std::allocator<char> >::_M_append(char const*, unsigned long)
                0x00000000000029b0                std::__cxx11::basic_string<char, std::char_traits<char>, std::allocator<char> >::_M_mutate(unsigned long, unsigned long, char const*, unsigned long)
                0x0000000000002b40                std::__cxx11::basic_string<char, std::char_traits<char>, std::allocator<char> >::_M_dispose()
                0x0000000000002b70                getRegionAddress
                0x0000000000002be0                std::__cxx11::basic_string<char, std::char_traits<char>, std::allocator<char> >::append(char const*, unsigned long)
                0x0000000000002d70                std::__cxx11::basic_string<char, std::char_traits<char>, std::allocator<char> >::find(char const*, unsigned long, unsigned long) const
                0x0000000000002e60                void std::__cxx11::basic_string<char, std::char_traits<char>, std::allocator<char> >::_M_construct<char*>(char*, char*, std::forward_iterator_tag)
                0x0000000000002f10                std::__cxx11::basic_string<char, std::char_traits<char>, std::allocator<char> >::_M_erase(unsigned long, unsigned long)
                0x0000000000002fa0                __custom_init
                0x0000000000003590                __custom_fini
                0x00000000000035e0                get_program_id
 *fill*         0x0000000000003608        0x8 
 .text.exit     0x0000000000003610        0xc C:\devkitPro\msys2\tmp\ccJ1gBrH.ltrans0.ltrans.o
 .text.inlineHandlerImpl
                0x000000000000361c       0x9c armutils.o
                0x000000000000361c                inlineHandlerImpl
 .text.inlineHandler
                0x00000000000036b8        0xc armutils.o
                0x00000000000036b8                inlineHandlerStart
                0x00000000000036b8                inlineHandler
                0x00000000000036c4                inlineHandlerEnd
 .text.armDCacheFlush
                0x00000000000036c4       0x3c cache.o
                0x00000000000036c4                armDCacheFlush
 .text.armICacheInvalidate
                0x0000000000003700       0x38 cache.o
                0x0000000000003700                armICacheInvalidate
 .text.svcUnmapMemory
                0x0000000000003738        0x8 svc.o
                0x0000000000003738                svcUnmapMemory
 .text.svcQueryMemory
                0x0000000000003740       0x14 svc.o
                0x0000000000003740                svcQueryMemory
 .text.svcGetProcessId
                0x0000000000003754       0x14 svc.o
                0x0000000000003754                svcGetProcessId
 .text.svcGetInfo
                0x0000000000003768       0x14 svc.o
                0x0000000000003768                svcGetInfo
 .text.svcSetProcessMemoryPermission
                0x000000000000377c        0x8 svc.o
                0x000000000000377c                svcSetProcessMemoryPermission
 .text.svcMapProcessMemory
                0x0000000000003784        0x8 svc.o
                0x0000000000003784                svcMapProcessMemory
 .text.svcUnmapProcessMemory
                0x000000000000378c        0x8 svc.o
                0x000000000000378c                svcUnmapProcessMemory
 .text.svcMapProcessCodeMemory
                0x0000000000003794        0x8 svc.o
                0x0000000000003794                svcMapProcessCodeMemory
 .text.svcUnmapProcessCodeMemory
                0x000000000000379c        0x8 svc.o
                0x000000000000379c                svcUnmapProcessCodeMemory
 *fill*         0x00000000000037a4        0xc 
 .text._ZdlPvm  0x00000000000037b0        0x4 C:/devkitPro/devkitA64/bin/../lib/gcc/aarch64-none-elf/13.1.0/../../../../aarch64-none-elf/lib/pic\libstdc++.a(del_ops.o)
                0x00000000000037b0                operator delete(void*, unsigned long)
 *fill*         0x00000000000037b4        0xc 
 .text._Znwm    0x00000000000037c0       0x68 C:/devkitPro/devkitA64/bin/../lib/gcc/aarch64-none-elf/13.1.0/../../../../aarch64-none-elf/lib/pic\libstdc++.a(new_op.o)
                0x00000000000037c0                operator new(unsigned long)
 .text.unlikely._ZSt17__throw_bad_allocv
                0x0000000000003828       0x34 C:/devkitPro/devkitA64/bin/../lib/gcc/aarch64-none-elf/13.1.0/../../../../aarch64-none-elf/lib/pic\libstdc++.a(functexcept.o)
                0x0000000000003828                std::__throw_bad_alloc()
 .text.unlikely._ZSt19__throw_logic_errorPKc
                0x000000000000385c       0x54 C:/devkitPro/devkitA64/bin/../lib/gcc/aarch64-none-elf/13.1.0/../../../../aarch64-none-elf/lib/pic\libstdc++.a(functexcept.o)
                0x000000000000385c                std::__throw_logic_error(char const*)
 .text.unlikely._ZSt20__throw_length_errorPKc
                0x00000000000038b0       0x54 C:/devkitPro/devkitA64/bin/../lib/gcc/aarch64-none-elf/13.1.0/../../../../aarch64-none-elf/lib/pic\libstdc++.a(functexcept.o)
                0x00000000000038b0                std::__throw_length_error(char const*)
 *fill*         0x0000000000003904        0xc 
 .text._ZNK9__gnu_cxx24__concurrence_lock_error4whatEv
                0x0000000000003910        0xc C:/devkitPro/devkitA64/bin/../lib/gcc/aarch64-none-elf/13.1.0/../../../../aarch64-none-elf/lib/pic\libstdc++.a(shared_ptr.o)
                0x0000000000003910                __gnu_cxx::__concurrence_lock_error::what() const
 *fill*         0x000000000000391c        0x4 
 .text._ZNK9__gnu_cxx26__concurrence_unlock_error4whatEv
                0x0000000000003920        0xc C:/devkitPro/devkitA64/bin/../lib/gcc/aarch64-none-elf/13.1.0/../../../../aarch64-none-elf/lib/pic\libstdc++.a(shared_ptr.o)
                0x0000000000003920                __gnu_cxx::__concurrence_unlock_error::what() const
 *fill*         0x000000000000392c        0x4 
 .text._ZN9__gnu_cxx24__concurrence_lock_errorD2Ev
                0x0000000000003930       0x14 C:/devkitPro/devkitA64/bin/../lib/gcc/aarch64-none-elf/13.1.0/../../../../aarch64-none-elf/lib/pic\libstdc++.a(shared_ptr.o)
                0x0000000000003930                __gnu_cxx::__concurrence_lock_error::~__concurrence_lock_error()
                0x0000000000003930                __gnu_cxx::__concurrence_lock_error::~__concurrence_lock_error()
 *fill*         0x0000000000003944        0xc 
 .text._ZN9__gnu_cxx26__concurrence_unlock_errorD2Ev
                0x0000000000003950       0x14 C:/devkitPro/devkitA64/bin/../lib/gcc/aarch64-none-elf/13.1.0/../../../../aarch64-none-elf/lib/pic\libstdc++.a(shared_ptr.o)
                0x0000000000003950                __gnu_cxx::__concurrence_unlock_error::~__concurrence_unlock_error()
                0x0000000000003950                __gnu_cxx::__concurrence_unlock_error::~__concurrence_unlock_error()
 *fill*         0x0000000000003964        0xc 
 .text._ZN9__gnu_cxx24__concurrence_lock_errorD0Ev
                0x0000000000003970       0x34 C:/devkitPro/devkitA64/bin/../lib/gcc/aarch64-none-elf/13.1.0/../../../../aarch64-none-elf/lib/pic\libstdc++.a(shared_ptr.o)
                0x0000000000003970                __gnu_cxx::__concurrence_lock_error::~__concurrence_lock_error()
 *fill*         0x00000000000039a4        0xc 
 .text._ZN9__gnu_cxx26__concurrence_unlock_errorD0Ev
                0x00000000000039b0       0x34 C:/devkitPro/devkitA64/bin/../lib/gcc/aarch64-none-elf/13.1.0/../../../../aarch64-none-elf/lib/pic\libstdc++.a(shared_ptr.o)
                0x00000000000039b0                __gnu_cxx::__concurrence_unlock_error::~__concurrence_unlock_error()
 .text.unlikely._ZN9__gnu_cxx30__throw_concurrence_lock_errorEv
                0x00000000000039e4       0x34 C:/devkitPro/devkitA64/bin/../lib/gcc/aarch64-none-elf/13.1.0/../../../../aarch64-none-elf/lib/pic\libstdc++.a(shared_ptr.o)
                0x00000000000039e4                __gnu_cxx::__throw_concurrence_lock_error()
 .text.unlikely._ZN9__gnu_cxx32__throw_concurrence_unlock_errorEv
                0x0000000000003a18       0x34 C:/devkitPro/devkitA64/bin/../lib/gcc/aarch64-none-elf/13.1.0/../../../../aarch64-none-elf/lib/pic\libstdc++.a(shared_ptr.o)
                0x0000000000003a18                __gnu_cxx::__throw_concurrence_unlock_error()
 *fill*         0x0000000000003a4c        0x4 
 .text._ZNKSt9bad_alloc4whatEv
                0x0000000000003a50        0xc C:/devkitPro/devkitA64/bin/../lib/gcc/aarch64-none-elf/13.1.0/../../../../aarch64-none-elf/lib/pic\libstdc++.a(bad_alloc.o)
                0x0000000000003a50                std::bad_alloc::what() const
 *fill*         0x0000000000003a5c        0x4 
 .text._ZNSt9bad_allocD2Ev
                0x0000000000003a60       0x14 C:/devkitPro/devkitA64/bin/../lib/gcc/aarch64-none-elf/13.1.0/../../../../aarch64-none-elf/lib/pic\libstdc++.a(bad_alloc.o)
                0x0000000000003a60                std::bad_alloc::~bad_alloc()
                0x0000000000003a60                std::bad_alloc::~bad_alloc()
 *fill*         0x0000000000003a74        0xc 
 .text._ZNSt9bad_allocD0Ev
                0x0000000000003a80       0x28 C:/devkitPro/devkitA64/bin/../lib/gcc/aarch64-none-elf/13.1.0/../../../../aarch64-none-elf/lib/pic\libstdc++.a(bad_alloc.o)
                0x0000000000003a80                std::bad_alloc::~bad_alloc()
 *fill*         0x0000000000003aa8        0x8 
 .text._ZdlPv   0x0000000000003ab0        0x4 C:/devkitPro/devkitA64/bin/../lib/gcc/aarch64-none-elf/13.1.0/../../../../aarch64-none-elf/lib/pic\libstdc++.a(del_op.o)
                0x0000000000003ab0                operator delete(void*)
 *fill*         0x0000000000003ab4        0xc 
 .text._ZN12_GLOBAL__N_14pool4freeEPv.constprop.0
                0x0000000000003ac0      0x118 C:/devkitPro/devkitA64/bin/../lib/gcc/aarch64-none-elf/13.1.0/../../../../aarch64-none-elf/lib/pic\libstdc++.a(eh_alloc.o)
 *fill*         0x0000000000003bd8        0x8 
 .text._ZN12_GLOBAL__N_14pool8allocateEm.constprop.0
                0x0000000000003be0       0xc8 C:/devkitPro/devkitA64/bin/../lib/gcc/aarch64-none-elf/13.1.0/../../../../aarch64-none-elf/lib/pic\libstdc++.a(eh_alloc.o)
 *fill*         0x0000000000003ca8        0x8 
 .text.__cxa_allocate_exception
                0x0000000000003cb0       0x58 C:/devkitPro/devkitA64/bin/../lib/gcc/aarch64-none-elf/13.1.0/../../../../aarch64-none-elf/lib/pic\libstdc++.a(eh_alloc.o)
                0x0000000000003cb0                __cxa_allocate_exception
 *fill*         0x0000000000003d08        0x8 
 .text.__cxa_free_exception
                0x0000000000003d10       0x2c C:/devkitPro/devkitA64/bin/../lib/gcc/aarch64-none-elf/13.1.0/../../../../aarch64-none-elf/lib/pic\libstdc++.a(eh_alloc.o)
                0x0000000000003d10                __cxa_free_exception
 *fill*         0x0000000000003d3c        0x4 
 .text.startup._GLOBAL__sub_I_eh_alloc.cc
                0x0000000000003d40      0x204 C:/devkitPro/devkitA64/bin/../lib/gcc/aarch64-none-elf/13.1.0/../../../../aarch64-none-elf/lib/pic\libstdc++.a(eh_alloc.o)
 *fill*         0x0000000000003f44        0xc 
 .text._ZNSt9exceptionD2Ev
                0x0000000000003f50        0x4 C:/devkitPro/devkitA64/bin/../lib/gcc/aarch64-none-elf/13.1.0/../../../../aarch64-none-elf/lib/pic\libstdc++.a(eh_exception.o)
                0x0000000000003f50                std::exception::~exception()
                0x0000000000003f50                std::exception::~exception()
 *fill*         0x0000000000003f54        0xc 
 .text._ZL16get_adjusted_ptrPKSt9type_infoS1_PPv
                0x0000000000003f60       0x7c C:/devkitPro/devkitA64/bin/../lib/gcc/aarch64-none-elf/13.1.0/../../../../aarch64-none-elf/lib/pic\libstdc++.a(eh_personality.o)
 *fill*         0x0000000000003fdc        0x4 
 .text._ZL28read_encoded_value_with_basehmPKhPm
                0x0000000000003fe0      0x140 C:/devkitPro/devkitA64/bin/../lib/gcc/aarch64-none-elf/13.1.0/../../../../aarch64-none-elf/lib/pic\libstdc++.a(eh_personality.o)
 .text._ZL21base_of_encoded_valuehP15_Unwind_Context
                0x0000000000004120       0x5c C:/devkitPro/devkitA64/bin/../lib/gcc/aarch64-none-elf/13.1.0/../../../../aarch64-none-elf/lib/pic\libstdc++.a(eh_personality.o)
 *fill*         0x000000000000417c        0x4 
 .text._ZL20check_exception_specP16lsda_header_infoPKSt9type_infoPvl
                0x0000000000004180      0x108 C:/devkitPro/devkitA64/bin/../lib/gcc/aarch64-none-elf/13.1.0/../../../../aarch64-none-elf/lib/pic\libstdc++.a(eh_personality.o)
 *fill*         0x0000000000004288        0x8 
 .text._ZL17parse_lsda_headerP15_Unwind_ContextPKhP16lsda_header_info
                0x0000000000004290       0xe8 C:/devkitPro/devkitA64/bin/../lib/gcc/aarch64-none-elf/13.1.0/../../../../aarch64-none-elf/lib/pic\libstdc++.a(eh_personality.o)
 *fill*         0x0000000000004378        0x8 
 .text.__gxx_personality_v0
                0x0000000000004380      0x59c C:/devkitPro/devkitA64/bin/../lib/gcc/aarch64-none-elf/13.1.0/../../../../aarch64-none-elf/lib/pic\libstdc++.a(eh_personality.o)
                0x0000000000004380                __gxx_personality_v0
 *fill*         0x000000000000491c        0x4 
 .text._ZN10__cxxabiv111__terminateEPFvvE
                0x0000000000004920       0x18 C:/devkitPro/devkitA64/bin/../lib/gcc/aarch64-none-elf/13.1.0/../../../../aarch64-none-elf/lib/pic\libstdc++.a(eh_terminate.o)
                0x0000000000004920                __cxxabiv1::__terminate(void (*)())
 *fill*         0x0000000000004938        0x8 
 .text._ZSt13get_terminatev
                0x0000000000004940       0x10 C:/devkitPro/devkitA64/bin/../lib/gcc/aarch64-none-elf/13.1.0/../../../../aarch64-none-elf/lib/pic\libstdc++.a(eh_terminate.o)
                0x0000000000004940                std::get_terminate()
 .text._ZSt9terminatev
                0x0000000000004950       0x10 C:/devkitPro/devkitA64/bin/../lib/gcc/aarch64-none-elf/13.1.0/../../../../aarch64-none-elf/lib/pic\libstdc++.a(eh_terminate.o)
                0x0000000000004950                std::terminate()
 .text._ZN10__cxxabiv112__unexpectedEPFvvE
                0x0000000000004960       0x10 C:/devkitPro/devkitA64/bin/../lib/gcc/aarch64-none-elf/13.1.0/../../../../aarch64-none-elf/lib/pic\libstdc++.a(eh_terminate.o)
                0x0000000000004960                __cxxabiv1::__unexpected(void (*)())
 .text._ZSt14get_unexpectedv
                0x0000000000004970       0x10 C:/devkitPro/devkitA64/bin/../lib/gcc/aarch64-none-elf/13.1.0/../../../../aarch64-none-elf/lib/pic\libstdc++.a(eh_terminate.o)
                0x0000000000004970                std::get_unexpected()
 .text._ZSt10unexpectedv
                0x0000000000004980       0x10 C:/devkitPro/devkitA64/bin/../lib/gcc/aarch64-none-elf/13.1.0/../../../../aarch64-none-elf/lib/pic\libstdc++.a(eh_terminate.o)
                0x0000000000004980                std::unexpected()
 .text._ZL23__gxx_exception_cleanup19_Unwind_Reason_CodeP17_Unwind_Exception
                0x0000000000004990       0x64 C:/devkitPro/devkitA64/bin/../lib/gcc/aarch64-none-elf/13.1.0/../../../../aarch64-none-elf/lib/pic\libstdc++.a(eh_throw.o)
 *fill*         0x00000000000049f4        0xc 
 .text.__cxa_init_primary_exception
                0x0000000000004a00       0x58 C:/devkitPro/devkitA64/bin/../lib/gcc/aarch64-none-elf/13.1.0/../../../../aarch64-none-elf/lib/pic\libstdc++.a(eh_throw.o)
                0x0000000000004a00                __cxa_init_primary_exception
 *fill*         0x0000000000004a58        0x8 
 .text.__cxa_throw
                0x0000000000004a60       0x60 C:/devkitPro/devkitA64/bin/../lib/gcc/aarch64-none-elf/13.1.0/../../../../aarch64-none-elf/lib/pic\libstdc++.a(eh_throw.o)
                0x0000000000004a60                __cxa_throw
 .text._ZSt15get_new_handlerv
                0x0000000000004ac0       0x10 C:/devkitPro/devkitA64/bin/../lib/gcc/aarch64-none-elf/13.1.0/../../../../aarch64-none-elf/lib/pic\libstdc++.a(new_handler.o)
                0x0000000000004ac0                std::get_new_handler()
 .text._ZN10__cxxabiv120__si_class_type_infoD2Ev
                0x0000000000004ad0       0x14 C:/devkitPro/devkitA64/bin/../lib/gcc/aarch64-none-elf/13.1.0/../../../../aarch64-none-elf/lib/pic\libstdc++.a(si_class_type_info.o)
                0x0000000000004ad0                __cxxabiv1::__si_class_type_info::~__si_class_type_info()
                0x0000000000004ad0                __cxxabiv1::__si_class_type_info::~__si_class_type_info()
 *fill*         0x0000000000004ae4        0xc 
 .text._ZN10__cxxabiv120__si_class_type_infoD0Ev
                0x0000000000004af0       0x28 C:/devkitPro/devkitA64/bin/../lib/gcc/aarch64-none-elf/13.1.0/../../../../aarch64-none-elf/lib/pic\libstdc++.a(si_class_type_info.o)
                0x0000000000004af0                __cxxabiv1::__si_class_type_info::~__si_class_type_info()
 *fill*         0x0000000000004b18        0x8 
 .text._ZNK10__cxxabiv120__si_class_type_info12__do_dyncastElNS_17__class_type_info10__sub_kindEPKS1_PKvS4_S6_RNS1_16__dyncast_resultE
                0x0000000000004b20      0x15c C:/devkitPro/devkitA64/bin/../lib/gcc/aarch64-none-elf/13.1.0/../../../../aarch64-none-elf/lib/pic\libstdc++.a(si_class_type_info.o)
                0x0000000000004b20                __cxxabiv1::__si_class_type_info::__do_dyncast(long, __cxxabiv1::__class_type_info::__sub_kind, __cxxabiv1::__class_type_info const*, void const*, __cxxabiv1::__class_type_info const*, void const*, __cxxabiv1::__class_type_info::__dyncast_result&) const
 *fill*         0x0000000000004c7c        0x4 
 .text._ZNK10__cxxabiv120__si_class_type_info20__do_find_public_srcElPKvPKNS_17__class_type_infoES2_
                0x0000000000004c80       0x8c C:/devkitPro/devkitA64/bin/../lib/gcc/aarch64-none-elf/13.1.0/../../../../aarch64-none-elf/lib/pic\libstdc++.a(si_class_type_info.o)
                0x0000000000004c80                __cxxabiv1::__si_class_type_info::__do_find_public_src(long, void const*, __cxxabiv1::__class_type_info const*, void const*) const
 *fill*         0x0000000000004d0c        0x4 
 .text._ZNK10__cxxabiv120__si_class_type_info11__do_upcastEPKNS_17__class_type_infoEPKvRNS1_15__upcast_resultE
                0x0000000000004d10       0x64 C:/devkitPro/devkitA64/bin/../lib/gcc/aarch64-none-elf/13.1.0/../../../../aarch64-none-elf/lib/pic\libstdc++.a(si_class_type_info.o)
                0x0000000000004d10                __cxxabiv1::__si_class_type_info::__do_upcast(__cxxabiv1::__class_type_info const*, void const*, __cxxabiv1::__class_type_info::__upcast_result&) const
 *fill*         0x0000000000004d74        0xc 
 .text._ZNSt9type_infoD2Ev
                0x0000000000004d80        0x4 C:/devkitPro/devkitA64/bin/../lib/gcc/aarch64-none-elf/13.1.0/../../../../aarch64-none-elf/lib/pic\libstdc++.a(tinfo.o)
                0x0000000000004d80                std::type_info::~type_info()
                0x0000000000004d80                std::type_info::~type_info()
 *fill*         0x0000000000004d84        0xc 
 .text._ZNKSt9type_info14__is_pointer_pEv
                0x0000000000004d90        0x8 C:/devkitPro/devkitA64/bin/../lib/gcc/aarch64-none-elf/13.1.0/../../../../aarch64-none-elf/lib/pic\libstdc++.a(tinfo.o)
                0x0000000000004d90                std::type_info::__is_pointer_p() const
                0x0000000000004d90                std::type_info::__is_function_p() const
 *fill*         0x0000000000004d98        0x8 
 .text._ZNKSt11logic_error4whatEv
                0x0000000000004da0        0x8 C:/devkitPro/devkitA64/bin/../lib/gcc/aarch64-none-elf/13.1.0/../../../../aarch64-none-elf/lib/pic\libstdc++.a(stdexcept.o)
                0x0000000000004da0                std::logic_error::what() const
                0x0000000000004da0                std::runtime_error::what() const
 *fill*         0x0000000000004da8        0x8 
 .text._ZNSt11logic_errorD2Ev
                0x0000000000004db0       0x70 C:/devkitPro/devkitA64/bin/../lib/gcc/aarch64-none-elf/13.1.0/../../../../aarch64-none-elf/lib/pic\libstdc++.a(stdexcept.o)
                0x0000000000004db0                std::logic_error::~logic_error()
                0x0000000000004db0                std::logic_error::~logic_error()
 .text._ZNSt11logic_errorD0Ev
                0x0000000000004e20       0x24 C:/devkitPro/devkitA64/bin/../lib/gcc/aarch64-none-elf/13.1.0/../../../../aarch64-none-elf/lib/pic\libstdc++.a(stdexcept.o)
                0x0000000000004e20                std::logic_error::~logic_error()
 *fill*         0x0000000000004e44        0xc 
 .text._ZNSt12length_errorD2Ev
                0x0000000000004e50       0x14 C:/devkitPro/devkitA64/bin/../lib/gcc/aarch64-none-elf/13.1.0/../../../../aarch64-none-elf/lib/pic\libstdc++.a(stdexcept.o)
                0x0000000000004e50                std::length_error::~length_error()
                0x0000000000004e50                std::length_error::~length_error()
 *fill*         0x0000000000004e64        0xc 
 .text._ZNSt12length_errorD0Ev
                0x0000000000004e70       0x24 C:/devkitPro/devkitA64/bin/../lib/gcc/aarch64-none-elf/13.1.0/../../../../aarch64-none-elf/lib/pic\libstdc++.a(stdexcept.o)
                0x0000000000004e70                std::length_error::~length_error()
 *fill*         0x0000000000004e94        0xc 
 .text._ZNSt11logic_errorC2EPKc
                0x0000000000004ea0       0xf0 C:/devkitPro/devkitA64/bin/../lib/gcc/aarch64-none-elf/13.1.0/../../../../aarch64-none-elf/lib/pic\libstdc++.a(cow-stdexcept.o)
                0x0000000000004ea0                std::logic_error::logic_error(char const*)
                0x0000000000004ea0                std::logic_error::logic_error(char const*)
 .text._ZNSt12length_errorC2EPKc
                0x0000000000004f90       0x30 C:/devkitPro/devkitA64/bin/../lib/gcc/aarch64-none-elf/13.1.0/../../../../aarch64-none-elf/lib/pic\libstdc++.a(cow-stdexcept.o)
                0x0000000000004f90                std::length_error::length_error(char const*)
                0x0000000000004f90                std::length_error::length_error(char const*)
 .text._ZNSs4_Rep9_S_createEmmRKSaIcE
                0x0000000000004fc0       0x80 C:/devkitPro/devkitA64/bin/../lib/gcc/aarch64-none-elf/13.1.0/../../../../aarch64-none-elf/lib/pic\libstdc++.a(cow-string-inst.o)
                0x0000000000004fc0                std::string::_Rep::_S_create(unsigned long, unsigned long, std::allocator<char> const&)
 .text._ZNSs4_Rep10_M_destroyERKSaIcE
                0x0000000000005040        0x4 C:/devkitPro/devkitA64/bin/../lib/gcc/aarch64-none-elf/13.1.0/../../../../aarch64-none-elf/lib/pic\libstdc++.a(cow-string-inst.o)
                0x0000000000005040                std::string::_Rep::_M_destroy(std::allocator<char> const&)
 *fill*         0x0000000000005044        0xc 
 .text._ZNK10__cxxabiv117__class_type_info11__do_upcastEPKS0_PPv
                0x0000000000005050       0x6c C:/devkitPro/devkitA64/bin/../lib/gcc/aarch64-none-elf/13.1.0/../../../../aarch64-none-elf/lib/pic\libstdc++.a(class_type_info.o)
                0x0000000000005050                __cxxabiv1::__class_type_info::__do_upcast(__cxxabiv1::__class_type_info const*, void**) const
 *fill*         0x00000000000050bc        0x4 
 .text._ZNK10__cxxabiv117__class_type_info20__do_find_public_srcElPKvPKS0_S2_
                0x00000000000050c0       0x10 C:/devkitPro/devkitA64/bin/../lib/gcc/aarch64-none-elf/13.1.0/../../../../aarch64-none-elf/lib/pic\libstdc++.a(class_type_info.o)
                0x00000000000050c0                __cxxabiv1::__class_type_info::__do_find_public_src(long, void const*, __cxxabiv1::__class_type_info const*, void const*) const
 .text._ZN10__cxxabiv117__class_type_infoD2Ev
                0x00000000000050d0       0x14 C:/devkitPro/devkitA64/bin/../lib/gcc/aarch64-none-elf/13.1.0/../../../../aarch64-none-elf/lib/pic\libstdc++.a(class_type_info.o)
                0x00000000000050d0                __cxxabiv1::__class_type_info::~__class_type_info()
                0x00000000000050d0                __cxxabiv1::__class_type_info::~__class_type_info()
 *fill*         0x00000000000050e4        0xc 
 .text._ZN10__cxxabiv117__class_type_infoD0Ev
                0x00000000000050f0       0x28 C:/devkitPro/devkitA64/bin/../lib/gcc/aarch64-none-elf/13.1.0/../../../../aarch64-none-elf/lib/pic\libstdc++.a(class_type_info.o)
                0x00000000000050f0                __cxxabiv1::__class_type_info::~__class_type_info()
 *fill*         0x0000000000005118        0x8 
 .text._ZNK10__cxxabiv117__class_type_info11__do_upcastEPKS0_PKvRNS0_15__upcast_resultE
                0x0000000000005120       0x78 C:/devkitPro/devkitA64/bin/../lib/gcc/aarch64-none-elf/13.1.0/../../../../aarch64-none-elf/lib/pic\libstdc++.a(class_type_info.o)
                0x0000000000005120                __cxxabiv1::__class_type_info::__do_upcast(__cxxabiv1::__class_type_info const*, void const*, __cxxabiv1::__class_type_info::__upcast_result&) const
 *fill*         0x0000000000005198        0x8 
 .text._ZNK10__cxxabiv117__class_type_info10__do_catchEPKSt9type_infoPPvj
                0x00000000000051a0       0xb8 C:/devkitPro/devkitA64/bin/../lib/gcc/aarch64-none-elf/13.1.0/../../../../aarch64-none-elf/lib/pic\libstdc++.a(class_type_info.o)
                0x00000000000051a0                __cxxabiv1::__class_type_info::__do_catch(std::type_info const*, void**, unsigned int) const
 *fill*         0x0000000000005258        0x8 
 .text._ZNK10__cxxabiv117__class_type_info12__do_dyncastElNS0_10__sub_kindEPKS0_PKvS3_S5_RNS0_16__dyncast_resultE
                0x0000000000005260       0xf4 C:/devkitPro/devkitA64/bin/../lib/gcc/aarch64-none-elf/13.1.0/../../../../aarch64-none-elf/lib/pic\libstdc++.a(class_type_info.o)
                0x0000000000005260                __cxxabiv1::__class_type_info::__do_dyncast(long, __cxxabiv1::__class_type_info::__sub_kind, __cxxabiv1::__class_type_info const*, void const*, __cxxabiv1::__class_type_info const*, void const*, __cxxabiv1::__class_type_info::__dyncast_result&) const
 *fill*         0x0000000000005354        0xc 
 .text.__cxa_call_terminate
                0x0000000000005360       0x44 C:/devkitPro/devkitA64/bin/../lib/gcc/aarch64-none-elf/13.1.0/../../../../aarch64-none-elf/lib/pic\libstdc++.a(eh_call.o)
                0x0000000000005360                __cxa_call_terminate
 *fill*         0x00000000000053a4        0xc 
 .text.__cxa_begin_catch
                0x00000000000053b0       0x9c C:/devkitPro/devkitA64/bin/../lib/gcc/aarch64-none-elf/13.1.0/../../../../aarch64-none-elf/lib/pic\libstdc++.a(eh_catch.o)
                0x00000000000053b0                __cxa_begin_catch
 *fill*         0x000000000000544c        0x4 
 .text._ZL15eh_globals_dtorPv
                0x0000000000005450       0x44 C:/devkitPro/devkitA64/bin/../lib/gcc/aarch64-none-elf/13.1.0/../../../../aarch64-none-elf/lib/pic\libstdc++.a(eh_globals.o)
 *fill*         0x0000000000005494        0xc 
 .text.__cxa_get_globals
                0x00000000000054a0       0x78 C:/devkitPro/devkitA64/bin/../lib/gcc/aarch64-none-elf/13.1.0/../../../../aarch64-none-elf/lib/pic\libstdc++.a(eh_globals.o)
                0x00000000000054a0                __cxa_get_globals
 *fill*         0x0000000000005518        0x8 
 .text.startup._GLOBAL__sub_I_eh_globals.cc
                0x0000000000005520       0x38 C:/devkitPro/devkitA64/bin/../lib/gcc/aarch64-none-elf/13.1.0/../../../../aarch64-none-elf/lib/pic\libstdc++.a(eh_globals.o)
 *fill*         0x0000000000005558        0x8 
 .text.exit._GLOBAL__sub_D_eh_globals.cc
                0x0000000000005560       0x34 C:/devkitPro/devkitA64/bin/../lib/gcc/aarch64-none-elf/13.1.0/../../../../aarch64-none-elf/lib/pic\libstdc++.a(eh_globals.o)
 *fill*         0x0000000000005594        0xc 
 .text.__clear_cache
                0x00000000000055a0        0x4 C:/devkitPro/devkitA64/bin/../lib/gcc/aarch64-none-elf/13.1.0/pic\libgcc.a(_clear_cache.o)
                0x00000000000055a0                __clear_cache
 *fill*         0x00000000000055a4        0xc 
 .text.__aarch64_sync_cache_range
                0x00000000000055b0       0x9c C:/devkitPro/devkitA64/bin/../lib/gcc/aarch64-none-elf/13.1.0/pic\libgcc.a(sync-cache.o)
                0x00000000000055b0                __aarch64_sync_cache_range
 *fill*         0x000000000000564c        0x4 
 .text.init_dwarf_reg_size_table
                0x0000000000005650      0x2ac C:/devkitPro/devkitA64/bin/../lib/gcc/aarch64-none-elf/13.1.0/pic\libgcc.a(unwind-dw2.o)
 *fill*         0x00000000000058fc        0x4 
 .text.uw_install_context_1
                0x0000000000005900      0x160 C:/devkitPro/devkitA64/bin/../lib/gcc/aarch64-none-elf/13.1.0/pic\libgcc.a(unwind-dw2.o)
 .text.read_encoded_value
                0x0000000000005a60      0x190 C:/devkitPro/devkitA64/bin/../lib/gcc/aarch64-none-elf/13.1.0/pic\libgcc.a(unwind-dw2.o)
 .text.execute_stack_op
                0x0000000000005bf0      0x7a0 C:/devkitPro/devkitA64/bin/../lib/gcc/aarch64-none-elf/13.1.0/pic\libgcc.a(unwind-dw2.o)
 .text.uw_update_context_1
                0x0000000000006390      0x30c C:/devkitPro/devkitA64/bin/../lib/gcc/aarch64-none-elf/13.1.0/pic\libgcc.a(unwind-dw2.o)
 *fill*         0x000000000000669c        0x4 
 .text.uw_update_context
                0x00000000000066a0      0x148 C:/devkitPro/devkitA64/bin/../lib/gcc/aarch64-none-elf/13.1.0/pic\libgcc.a(unwind-dw2.o)
 *fill*         0x00000000000067e8        0x8 
 .text.execute_cfa_program_specialized
                0x00000000000067f0      0x78c C:/devkitPro/devkitA64/bin/../lib/gcc/aarch64-none-elf/13.1.0/pic\libgcc.a(unwind-dw2.o)
 *fill*         0x0000000000006f7c        0x4 
 .text.execute_cfa_program_generic
                0x0000000000006f80      0x7c4 C:/devkitPro/devkitA64/bin/../lib/gcc/aarch64-none-elf/13.1.0/pic\libgcc.a(unwind-dw2.o)
 *fill*         0x0000000000007744        0xc 
 .text.uw_frame_state_for
                0x0000000000007750      0x458 C:/devkitPro/devkitA64/bin/../lib/gcc/aarch64-none-elf/13.1.0/pic\libgcc.a(unwind-dw2.o)
 *fill*         0x0000000000007ba8        0x8 
 .text.uw_init_context_1
                0x0000000000007bb0      0x370 C:/devkitPro/devkitA64/bin/../lib/gcc/aarch64-none-elf/13.1.0/pic\libgcc.a(unwind-dw2.o)
 .text._Unwind_RaiseException_Phase2
                0x0000000000007f20      0x10c C:/devkitPro/devkitA64/bin/../lib/gcc/aarch64-none-elf/13.1.0/pic\libgcc.a(unwind-dw2.o)
 *fill*         0x000000000000802c        0x4 
 .text._Unwind_ForcedUnwind_Phase2
                0x0000000000008030      0x140 C:/devkitPro/devkitA64/bin/../lib/gcc/aarch64-none-elf/13.1.0/pic\libgcc.a(unwind-dw2.o)
 .text._Unwind_SetGR
                0x0000000000008170       0x54 C:/devkitPro/devkitA64/bin/../lib/gcc/aarch64-none-elf/13.1.0/pic\libgcc.a(unwind-dw2.o)
                0x0000000000008170                _Unwind_SetGR
 *fill*         0x00000000000081c4        0xc 
 .text._Unwind_GetIPInfo
                0x00000000000081d0       0x14 C:/devkitPro/devkitA64/bin/../lib/gcc/aarch64-none-elf/13.1.0/pic\libgcc.a(unwind-dw2.o)
                0x00000000000081d0                _Unwind_GetIPInfo
 *fill*         0x00000000000081e4        0xc 
 .text._Unwind_SetIP
                0x00000000000081f0        0x8 C:/devkitPro/devkitA64/bin/../lib/gcc/aarch64-none-elf/13.1.0/pic\libgcc.a(unwind-dw2.o)
                0x00000000000081f0                _Unwind_SetIP
 *fill*         0x00000000000081f8        0x8 
 .text._Unwind_GetLanguageSpecificData
                0x0000000000008200        0x8 C:/devkitPro/devkitA64/bin/../lib/gcc/aarch64-none-elf/13.1.0/pic\libgcc.a(unwind-dw2.o)
                0x0000000000008200                _Unwind_GetLanguageSpecificData
 *fill*         0x0000000000008208        0x8 
 .text._Unwind_GetRegionStart
                0x0000000000008210        0x8 C:/devkitPro/devkitA64/bin/../lib/gcc/aarch64-none-elf/13.1.0/pic\libgcc.a(unwind-dw2.o)
                0x0000000000008210                _Unwind_GetRegionStart
 *fill*         0x0000000000008218        0x8 
 .text._Unwind_GetDataRelBase
                0x0000000000008220        0x8 C:/devkitPro/devkitA64/bin/../lib/gcc/aarch64-none-elf/13.1.0/pic\libgcc.a(unwind-dw2.o)
                0x0000000000008220                _Unwind_GetDataRelBase
 *fill*         0x0000000000008228        0x8 
 .text._Unwind_GetTextRelBase
                0x0000000000008230        0x8 C:/devkitPro/devkitA64/bin/../lib/gcc/aarch64-none-elf/13.1.0/pic\libgcc.a(unwind-dw2.o)
                0x0000000000008230                _Unwind_GetTextRelBase
 *fill*         0x0000000000008238        0x8 
 .text._Unwind_DebugHook
                0x0000000000008240        0x4 C:/devkitPro/devkitA64/bin/../lib/gcc/aarch64-none-elf/13.1.0/pic\libgcc.a(unwind-dw2.o)
 *fill*         0x0000000000008244        0xc 
 .text._Unwind_RaiseException
                0x0000000000008250      0x174 C:/devkitPro/devkitA64/bin/../lib/gcc/aarch64-none-elf/13.1.0/pic\libgcc.a(unwind-dw2.o)
                0x0000000000008250                _Unwind_RaiseException
 *fill*         0x00000000000083c4        0xc 
 .text._Unwind_Resume
                0x00000000000083d0       0xfc C:/devkitPro/devkitA64/bin/../lib/gcc/aarch64-none-elf/13.1.0/pic\libgcc.a(unwind-dw2.o)
                0x00000000000083d0                _Unwind_Resume
 *fill*         0x00000000000084cc        0x4 
 .text._Unwind_DeleteException
                0x00000000000084d0       0x1c C:/devkitPro/devkitA64/bin/../lib/gcc/aarch64-none-elf/13.1.0/pic\libgcc.a(unwind-dw2.o)
                0x00000000000084d0                _Unwind_DeleteException
 *fill*         0x00000000000084ec        0x4 
 .text.fde_unencoded_compare
                0x00000000000084f0       0x18 C:/devkitPro/devkitA64/bin/../lib/gcc/aarch64-none-elf/13.1.0/pic\libgcc.a(unwind-dw2-fde.o)
 *fill*         0x0000000000008508        0x8 
 .text.fde_unencoded_extract
                0x0000000000008510       0x2c C:/devkitPro/devkitA64/bin/../lib/gcc/aarch64-none-elf/13.1.0/pic\libgcc.a(unwind-dw2-fde.o)
 *fill*         0x000000000000853c        0x4 
 .text.frame_downheap
                0x0000000000008540       0xdc C:/devkitPro/devkitA64/bin/../lib/gcc/aarch64-none-elf/13.1.0/pic\libgcc.a(unwind-dw2-fde.o)
 *fill*         0x000000000000861c        0x4 
 .text.read_encoded_value_with_base
                0x0000000000008620      0x140 C:/devkitPro/devkitA64/bin/../lib/gcc/aarch64-none-elf/13.1.0/pic\libgcc.a(unwind-dw2-fde.o)
 .text.fde_radixsort
                0x0000000000008760      0x218 C:/devkitPro/devkitA64/bin/../lib/gcc/aarch64-none-elf/13.1.0/pic\libgcc.a(unwind-dw2-fde.o)
 *fill*         0x0000000000008978        0x8 
 .text.__deregister_frame_info_bases.part.0
                0x0000000000008980      0x104 C:/devkitPro/devkitA64/bin/../lib/gcc/aarch64-none-elf/13.1.0/pic\libgcc.a(unwind-dw2-fde.o)
 *fill*         0x0000000000008a84        0xc 
 .text.get_cie_encoding
                0x0000000000008a90      0x120 C:/devkitPro/devkitA64/bin/../lib/gcc/aarch64-none-elf/13.1.0/pic\libgcc.a(unwind-dw2-fde.o)
 .text.fde_mixed_encoding_extract
                0x0000000000008bb0       0xd0 C:/devkitPro/devkitA64/bin/../lib/gcc/aarch64-none-elf/13.1.0/pic\libgcc.a(unwind-dw2-fde.o)
 .text.classify_object_over_fdes.constprop.0
                0x0000000000008c80      0x204 C:/devkitPro/devkitA64/bin/../lib/gcc/aarch64-none-elf/13.1.0/pic\libgcc.a(unwind-dw2-fde.o)
 *fill*         0x0000000000008e84        0xc 
 .text.fde_single_encoding_extract
                0x0000000000008e90       0xbc C:/devkitPro/devkitA64/bin/../lib/gcc/aarch64-none-elf/13.1.0/pic\libgcc.a(unwind-dw2-fde.o)
 *fill*         0x0000000000008f4c        0x4 
 .text.fde_single_encoding_compare
                0x0000000000008f50       0xac C:/devkitPro/devkitA64/bin/../lib/gcc/aarch64-none-elf/13.1.0/pic\libgcc.a(unwind-dw2-fde.o)
 *fill*         0x0000000000008ffc        0x4 
 .text.fde_mixed_encoding_compare
                0x0000000000009000      0x104 C:/devkitPro/devkitA64/bin/../lib/gcc/aarch64-none-elf/13.1.0/pic\libgcc.a(unwind-dw2-fde.o)
 *fill*         0x0000000000009104        0xc 
 .text.add_fdes.isra.0
                0x0000000000009110      0x218 C:/devkitPro/devkitA64/bin/../lib/gcc/aarch64-none-elf/13.1.0/pic\libgcc.a(unwind-dw2-fde.o)
 *fill*         0x0000000000009328        0x8 
 .text.linear_search_fdes
                0x0000000000009330      0x274 C:/devkitPro/devkitA64/bin/../lib/gcc/aarch64-none-elf/13.1.0/pic\libgcc.a(unwind-dw2-fde.o)
 *fill*         0x00000000000095a4        0xc 
 .text.search_object
                0x00000000000095b0      0x534 C:/devkitPro/devkitA64/bin/../lib/gcc/aarch64-none-elf/13.1.0/pic\libgcc.a(unwind-dw2-fde.o)
 *fill*         0x0000000000009ae4        0xc 
 .text.__register_frame_info
                0x0000000000009af0       0x74 C:/devkitPro/devkitA64/bin/../lib/gcc/aarch64-none-elf/13.1.0/pic\libgcc.a(unwind-dw2-fde.o)
                0x0000000000009af0                __register_frame_info
 *fill*         0x0000000000009b64        0xc 
 .text.__deregister_frame_info
                0x0000000000009b70       0x18 C:/devkitPro/devkitA64/bin/../lib/gcc/aarch64-none-elf/13.1.0/pic\libgcc.a(unwind-dw2-fde.o)
                0x0000000000009b70                __deregister_frame_info
 *fill*         0x0000000000009b88        0x8 
 .text._Unwind_Find_FDE
                0x0000000000009b90      0x1dc C:/devkitPro/devkitA64/bin/../lib/gcc/aarch64-none-elf/13.1.0/pic\libgcc.a(unwind-dw2-fde.o)
                0x0000000000009b90                _Unwind_Find_FDE
                0x0000000000009d6c                __text_end__ = .

.plt            0x0000000000009d6c      0x1e0
 *(.plt .plt.*)
 .plt           0x0000000000009d6c      0x1e0 C:/devkitPro/devkitA64/bin/../lib/gcc/aarch64-none-elf/13.1.0/pic/crti.o
                0x0000000000009f4c                __code_end__ = .
                0x000000000000a000                . = ALIGN (0x1000)

.module_name
 *(.rodata.module_name)
                0x000000000000a000                . = ALIGN (0x8)

.rodata         0x000000000000a000      0x3c0
 *(.rodata .rodata.*)
 .rodata.str1.8
                0x000000000000a000       0x38 C:\devkitPro\msys2\tmp\ccJ1gBrH.ltrans0.ltrans.o
                                         0x35 (size before relaxing)
 .rodata.mod0   0x000000000000a038       0x1c crt0.o
                0x000000000000a038                __nx_mod0
 *fill*         0x000000000000a054        0x4 
 .rodata._ZNK9__gnu_cxx24__concurrence_lock_error4whatEv.str1.8
                0x000000000000a058       0x24 C:/devkitPro/devkitA64/bin/../lib/gcc/aarch64-none-elf/13.1.0/../../../../aarch64-none-elf/lib/pic\libstdc++.a(shared_ptr.o)
 *fill*         0x000000000000a07c        0x4 
 .rodata._ZNK9__gnu_cxx26__concurrence_unlock_error4whatEv.str1.8
                0x000000000000a080       0x26 C:/devkitPro/devkitA64/bin/../lib/gcc/aarch64-none-elf/13.1.0/../../../../aarch64-none-elf/lib/pic\libstdc++.a(shared_ptr.o)
 *fill*         0x000000000000a0a6        0x2 
 .rodata._ZTSN9__gnu_cxx24__concurrence_lock_errorE
                0x000000000000a0a8       0x27 C:/devkitPro/devkitA64/bin/../lib/gcc/aarch64-none-elf/13.1.0/../../../../aarch64-none-elf/lib/pic\libstdc++.a(shared_ptr.o)
                0x000000000000a0a8                typeinfo name for __gnu_cxx::__concurrence_lock_error
 *fill*         0x000000000000a0cf        0x1 
 .rodata._ZTSN9__gnu_cxx26__concurrence_unlock_errorE
                0x000000000000a0d0       0x29 C:/devkitPro/devkitA64/bin/../lib/gcc/aarch64-none-elf/13.1.0/../../../../aarch64-none-elf/lib/pic\libstdc++.a(shared_ptr.o)
                0x000000000000a0d0                typeinfo name for __gnu_cxx::__concurrence_unlock_error
 *fill*         0x000000000000a0f9        0x7 
 .rodata._ZNKSt9bad_alloc4whatEv.str1.8
                0x000000000000a100        0xf C:/devkitPro/devkitA64/bin/../lib/gcc/aarch64-none-elf/13.1.0/../../../../aarch64-none-elf/lib/pic\libstdc++.a(bad_alloc.o)
 *fill*         0x000000000000a10f        0x1 
 .rodata._ZTSSt9bad_alloc
                0x000000000000a110        0xd C:/devkitPro/devkitA64/bin/../lib/gcc/aarch64-none-elf/13.1.0/../../../../aarch64-none-elf/lib/pic\libstdc++.a(bad_alloc.o)
                0x000000000000a110                typeinfo name for std::bad_alloc
 *fill*         0x000000000000a11d        0x3 
 .rodata._GLOBAL__sub_I_eh_alloc.cc.str1.8
                0x000000000000a120       0x48 C:/devkitPro/devkitA64/bin/../lib/gcc/aarch64-none-elf/13.1.0/../../../../aarch64-none-elf/lib/pic\libstdc++.a(eh_alloc.o)
 .rodata._ZTSSt9exception
                0x000000000000a168        0xd C:/devkitPro/devkitA64/bin/../lib/gcc/aarch64-none-elf/13.1.0/../../../../aarch64-none-elf/lib/pic\libstdc++.a(eh_exception.o)
                0x000000000000a168                typeinfo name for std::exception
 *fill*         0x000000000000a175        0x3 
 .rodata._ZTSN10__cxxabiv115__forced_unwindE
                0x000000000000a178       0x20 C:/devkitPro/devkitA64/bin/../lib/gcc/aarch64-none-elf/13.1.0/../../../../aarch64-none-elf/lib/pic\libstdc++.a(eh_exception.o)
                0x000000000000a178                typeinfo name for __cxxabiv1::__forced_unwind
 .rodata._ZTSN10__cxxabiv119__foreign_exceptionE
                0x000000000000a198       0x24 C:/devkitPro/devkitA64/bin/../lib/gcc/aarch64-none-elf/13.1.0/../../../../aarch64-none-elf/lib/pic\libstdc++.a(eh_exception.o)
                0x000000000000a198                typeinfo name for __cxxabiv1::__foreign_exception
 *fill*         0x000000000000a1bc        0x4 
 .rodata._ZTSN10__cxxabiv120__si_class_type_infoE
                0x000000000000a1c0       0x25 C:/devkitPro/devkitA64/bin/../lib/gcc/aarch64-none-elf/13.1.0/../../../../aarch64-none-elf/lib/pic\libstdc++.a(si_class_type_info.o)
                0x000000000000a1c0                typeinfo name for __cxxabiv1::__si_class_type_info
 *fill*         0x000000000000a1e5        0x3 
 .rodata._ZTSSt9type_info
                0x000000000000a1e8        0xd C:/devkitPro/devkitA64/bin/../lib/gcc/aarch64-none-elf/13.1.0/../../../../aarch64-none-elf/lib/pic\libstdc++.a(tinfo.o)
                0x000000000000a1e8                typeinfo name for std::type_info
 *fill*         0x000000000000a1f5        0x3 
 .rodata._ZTSSt11logic_error
                0x000000000000a1f8       0x10 C:/devkitPro/devkitA64/bin/../lib/gcc/aarch64-none-elf/13.1.0/../../../../aarch64-none-elf/lib/pic\libstdc++.a(stdexcept.o)
                0x000000000000a1f8                typeinfo name for std::logic_error
 .rodata._ZTSSt12length_error
                0x000000000000a208       0x11 C:/devkitPro/devkitA64/bin/../lib/gcc/aarch64-none-elf/13.1.0/../../../../aarch64-none-elf/lib/pic\libstdc++.a(stdexcept.o)
                0x000000000000a208                typeinfo name for std::length_error
 *fill*         0x000000000000a219        0x7 
 .rodata._ZNSt11logic_errorC2EPKc.str1.8
                0x000000000000a220       0x2a C:/devkitPro/devkitA64/bin/../lib/gcc/aarch64-none-elf/13.1.0/../../../../aarch64-none-elf/lib/pic\libstdc++.a(cow-stdexcept.o)
 *fill*         0x000000000000a24a        0x6 
 .rodata._ZNSs4_Rep9_S_createEmmRKSaIcE.str1.8
                0x000000000000a250       0x18 C:/devkitPro/devkitA64/bin/../lib/gcc/aarch64-none-elf/13.1.0/../../../../aarch64-none-elf/lib/pic\libstdc++.a(cow-string-inst.o)
 .rodata._ZTSN10__cxxabiv117__class_type_infoE
                0x000000000000a268       0x22 C:/devkitPro/devkitA64/bin/../lib/gcc/aarch64-none-elf/13.1.0/../../../../aarch64-none-elf/lib/pic\libstdc++.a(class_type_info.o)
                0x000000000000a268                typeinfo name for __cxxabiv1::__class_type_info
 *fill*         0x000000000000a28a        0x2 
 .rodata.execute_stack_op
                0x000000000000a28c       0x56 C:/devkitPro/devkitA64/bin/../lib/gcc/aarch64-none-elf/13.1.0/pic\libgcc.a(unwind-dw2.o)
 *fill*         0x000000000000a2e2        0x2 
 .rodata.execute_cfa_program_specialized
                0x000000000000a2e4       0x60 C:/devkitPro/devkitA64/bin/../lib/gcc/aarch64-none-elf/13.1.0/pic\libgcc.a(unwind-dw2.o)
 .rodata.execute_cfa_program_generic
                0x000000000000a344       0x60 C:/devkitPro/devkitA64/bin/../lib/gcc/aarch64-none-elf/13.1.0/pic\libgcc.a(unwind-dw2.o)
 *fill*         0x000000000000a3a4        0x4 
 .rodata.terminator.0
                0x000000000000a3a8        0x8 C:/devkitPro/devkitA64/bin/../lib/gcc/aarch64-none-elf/13.1.0/pic\libgcc.a(unwind-dw2-fde.o)
 .rodata.cst16  0x000000000000a3b0       0x10 C:/devkitPro/devkitA64/bin/../lib/gcc/aarch64-none-elf/13.1.0/pic\libgcc.a(unwind-dw2-fde.o)

.gnu.version_d  0x000000000000a3c0        0x0
 .gnu.version_d
                0x000000000000a3c0        0x0 C:/devkitPro/devkitA64/bin/../lib/gcc/aarch64-none-elf/13.1.0/pic/crti.o

.gnu.version    0x000000000000a3c0        0x0
 .gnu.version   0x000000000000a3c0        0x0 C:/devkitPro/devkitA64/bin/../lib/gcc/aarch64-none-elf/13.1.0/pic/crti.o

.gnu.version_r  0x000000000000a3c0        0x0
 .gnu.version_r
                0x000000000000a3c0        0x0 C:/devkitPro/devkitA64/bin/../lib/gcc/aarch64-none-elf/13.1.0/pic/crti.o

.hash           0x000000000000a3c0      0x13c
 *(.hash)
 .hash          0x000000000000a3c0      0x13c C:/devkitPro/devkitA64/bin/../lib/gcc/aarch64-none-elf/13.1.0/pic/crti.o

.gnu.hash
 *(.gnu.hash)

.dynsym         0x000000000000a500      0x3c0
 *(.dynsym .dynsym.*)
 .dynsym        0x000000000000a500      0x3c0 C:/devkitPro/devkitA64/bin/../lib/gcc/aarch64-none-elf/13.1.0/pic/crti.o

.dynstr         0x000000000000a8c0      0x2cf
 *(.dynstr .dynstr.*)
 .dynstr        0x000000000000a8c0      0x2cf C:/devkitPro/devkitA64/bin/../lib/gcc/aarch64-none-elf/13.1.0/pic/crti.o
                0x000000000000ab8f                __rel_dyn_start__ = .

.rel.dyn
 *(.rel.dyn)
                0x000000000000ab8f                __rel_dyn_end__ = .
                0x000000000000ab8f                __rela_dyn_start__ = .

.rela.dyn       0x000000000000ab90      0xa98
 *(.rela.dyn)
 .rela.got      0x000000000000ab90      0x330 C:/devkitPro/devkitA64/bin/../lib/gcc/aarch64-none-elf/13.1.0/pic/crti.o
 .rela.init_array
                0x000000000000aec0       0x48 C:/devkitPro/devkitA64/bin/../lib/gcc/aarch64-none-elf/13.1.0/pic/crti.o
 .rela.fini_array
                0x000000000000af08       0x48 C:/devkitPro/devkitA64/bin/../lib/gcc/aarch64-none-elf/13.1.0/pic/crti.o
 .rela.ifunc    0x000000000000af50        0x0 C:/devkitPro/devkitA64/bin/../lib/gcc/aarch64-none-elf/13.1.0/pic/crti.o
 .rela.data.rel.local.DW.ref.__gxx_personality_v0
                0x000000000000af50       0x18 C:/devkitPro/devkitA64/bin/../lib/gcc/aarch64-none-elf/13.1.0/pic/crti.o
 .rela.data.rel.ro._ZTIN9__gnu_cxx24__concurrence_lock_errorE
                0x000000000000af68       0x48 C:/devkitPro/devkitA64/bin/../lib/gcc/aarch64-none-elf/13.1.0/pic/crti.o
 .rela.data.rel.ro._ZTIN9__gnu_cxx26__concurrence_unlock_errorE
                0x000000000000afb0       0x48 C:/devkitPro/devkitA64/bin/../lib/gcc/aarch64-none-elf/13.1.0/pic/crti.o
 .rela.data.rel.ro._ZTVN9__gnu_cxx24__concurrence_lock_errorE
                0x000000000000aff8       0x60 C:/devkitPro/devkitA64/bin/../lib/gcc/aarch64-none-elf/13.1.0/pic/crti.o
 .rela.data.rel.ro._ZTVN9__gnu_cxx26__concurrence_unlock_errorE
                0x000000000000b058       0x60 C:/devkitPro/devkitA64/bin/../lib/gcc/aarch64-none-elf/13.1.0/pic/crti.o
 .rela.data.rel.ro._ZTISt9bad_alloc
                0x000000000000b0b8       0x48 C:/devkitPro/devkitA64/bin/../lib/gcc/aarch64-none-elf/13.1.0/pic/crti.o
 .rela.data.rel.ro._ZTVSt9bad_alloc
                0x000000000000b100       0x60 C:/devkitPro/devkitA64/bin/../lib/gcc/aarch64-none-elf/13.1.0/pic/crti.o
 .rela.data.rel.ro._ZTISt9exception
                0x000000000000b160       0x30 C:/devkitPro/devkitA64/bin/../lib/gcc/aarch64-none-elf/13.1.0/pic/crti.o
 .rela.data.rel.ro._ZTIN10__cxxabiv115__forced_unwindE
                0x000000000000b190       0x30 C:/devkitPro/devkitA64/bin/../lib/gcc/aarch64-none-elf/13.1.0/pic/crti.o
 .rela.data.rel.ro._ZTIN10__cxxabiv119__foreign_exceptionE
                0x000000000000b1c0       0x30 C:/devkitPro/devkitA64/bin/../lib/gcc/aarch64-none-elf/13.1.0/pic/crti.o
 .rela.data.rel._ZN10__cxxabiv120__unexpected_handlerE
                0x000000000000b1f0       0x18 C:/devkitPro/devkitA64/bin/../lib/gcc/aarch64-none-elf/13.1.0/pic/crti.o
 .rela.data.rel.ro._ZTIN10__cxxabiv120__si_class_type_infoE
                0x000000000000b208       0x48 C:/devkitPro/devkitA64/bin/../lib/gcc/aarch64-none-elf/13.1.0/pic/crti.o
 .rela.data.rel.ro._ZTVN10__cxxabiv120__si_class_type_infoE
                0x000000000000b250       0xf0 C:/devkitPro/devkitA64/bin/../lib/gcc/aarch64-none-elf/13.1.0/pic/crti.o
 .rela.data.rel.ro._ZTISt9type_info
                0x000000000000b340       0x30 C:/devkitPro/devkitA64/bin/../lib/gcc/aarch64-none-elf/13.1.0/pic/crti.o
 .rela.data.rel.ro._ZTISt11logic_error
                0x000000000000b370       0x48 C:/devkitPro/devkitA64/bin/../lib/gcc/aarch64-none-elf/13.1.0/pic/crti.o
 .rela.data.rel.ro._ZTISt12length_error
                0x000000000000b3b8       0x48 C:/devkitPro/devkitA64/bin/../lib/gcc/aarch64-none-elf/13.1.0/pic/crti.o
 .rela.data.rel.ro._ZTVSt11logic_error
                0x000000000000b400       0x60 C:/devkitPro/devkitA64/bin/../lib/gcc/aarch64-none-elf/13.1.0/pic/crti.o
 .rela.data.rel.ro._ZTVSt12length_error
                0x000000000000b460       0x60 C:/devkitPro/devkitA64/bin/../lib/gcc/aarch64-none-elf/13.1.0/pic/crti.o
 .rela.data.rel.ro._ZTIN10__cxxabiv117__class_type_infoE
                0x000000000000b4c0       0x48 C:/devkitPro/devkitA64/bin/../lib/gcc/aarch64-none-elf/13.1.0/pic/crti.o
 .rela.data.rel.ro._ZTVN10__cxxabiv117__class_type_infoE
                0x000000000000b508       0xf0 C:/devkitPro/devkitA64/bin/../lib/gcc/aarch64-none-elf/13.1.0/pic/crti.o
 .rela.data.rel._ZN10__cxxabiv119__terminate_handlerE
                0x000000000000b5f8       0x18 C:/devkitPro/devkitA64/bin/../lib/gcc/aarch64-none-elf/13.1.0/pic/crti.o
 .rela.data.rel.local
                0x000000000000b610       0x18 C:/devkitPro/devkitA64/bin/../lib/gcc/aarch64-none-elf/13.1.0/pic/crti.o
                0x000000000000b628                __rela_dyn_end__ = .
                0x000000000000b628                __rel_plt_start__ = .

.rel.plt
 *(.rel.plt)
                0x000000000000b628                __rel_plt_end__ = .
                0x000000000000b628                __rela_plt_start__ = .

.rela.plt       0x000000000000b628      0x2a0
 *(.rela.plt)
 .rela.plt      0x000000000000b628      0x2a0 C:/devkitPro/devkitA64/bin/../lib/gcc/aarch64-none-elf/13.1.0/pic/crti.o
                0x000000000000b8c8                __rela_plt_end__ = .

.gcc_except_table
                0x000000000000b8c8       0x5e
 *(.gcc_except_table .gcc_except_table.*)
 .gcc_except_table._ZSt19__throw_logic_errorPKc
                0x000000000000b8c8        0xc C:/devkitPro/devkitA64/bin/../lib/gcc/aarch64-none-elf/13.1.0/../../../../aarch64-none-elf/lib/pic\libstdc++.a(functexcept.o)
 .gcc_except_table._ZSt20__throw_length_errorPKc
                0x000000000000b8d4        0xc C:/devkitPro/devkitA64/bin/../lib/gcc/aarch64-none-elf/13.1.0/../../../../aarch64-none-elf/lib/pic\libstdc++.a(functexcept.o)
 .gcc_except_table._ZN12_GLOBAL__N_14pool4freeEPv.constprop.0
                0x000000000000b8e0        0x4 C:/devkitPro/devkitA64/bin/../lib/gcc/aarch64-none-elf/13.1.0/../../../../aarch64-none-elf/lib/pic\libstdc++.a(eh_alloc.o)
 .gcc_except_table._ZN12_GLOBAL__N_14pool8allocateEm.constprop.0
                0x000000000000b8e4        0x4 C:/devkitPro/devkitA64/bin/../lib/gcc/aarch64-none-elf/13.1.0/../../../../aarch64-none-elf/lib/pic\libstdc++.a(eh_alloc.o)
 .gcc_except_table.__gxx_personality_v0
                0x000000000000b8e8       0x18 C:/devkitPro/devkitA64/bin/../lib/gcc/aarch64-none-elf/13.1.0/../../../../aarch64-none-elf/lib/pic\libstdc++.a(eh_personality.o)
 .gcc_except_table._ZN10__cxxabiv111__terminateEPFvvE
                0x000000000000b900       0x10 C:/devkitPro/devkitA64/bin/../lib/gcc/aarch64-none-elf/13.1.0/../../../../aarch64-none-elf/lib/pic\libstdc++.a(eh_terminate.o)
 .gcc_except_table._ZNSt11logic_errorC2EPKc
                0x000000000000b910        0xe C:/devkitPro/devkitA64/bin/../lib/gcc/aarch64-none-elf/13.1.0/../../../../aarch64-none-elf/lib/pic\libstdc++.a(cow-stdexcept.o)
 .gcc_except_table.__cxa_get_globals
                0x000000000000b91e        0x4 C:/devkitPro/devkitA64/bin/../lib/gcc/aarch64-none-elf/13.1.0/../../../../aarch64-none-elf/lib/pic\libstdc++.a(eh_globals.o)
 .gcc_except_table._GLOBAL__sub_D_eh_globals.cc
                0x000000000000b922        0x4 C:/devkitPro/devkitA64/bin/../lib/gcc/aarch64-none-elf/13.1.0/../../../../aarch64-none-elf/lib/pic\libstdc++.a(eh_globals.o)

.eh_frame_hdr   0x000000000000b926        0x0
                0x000000000000b926                __eh_frame_hdr_start__ = .
 *(.eh_frame_hdr)
                0x000000000000b926                __eh_frame_hdr_end__ = .

.eh_frame       0x000000000000b928     0x16f8
 *(.eh_frame)
 .eh_frame      0x000000000000b928       0x50 C:/devkitPro/devkitA64/bin/../lib/gcc/aarch64-none-elf/13.1.0/pic/crtbegin.o
 .eh_frame      0x000000000000b978       0x28 armutils.o
                                         0x40 (size before relaxing)
 .eh_frame      0x000000000000b9a0       0x28 cache.o
                                         0x68 (size before relaxing)
 .eh_frame      0x000000000000b9c8       0xb8 svc.o
                                        0x7e8 (size before relaxing)
 .eh_frame      0x000000000000ba80       0x18 C:/devkitPro/devkitA64/bin/../lib/gcc/aarch64-none-elf/13.1.0/../../../../aarch64-none-elf/lib/pic\libstdc++.a(del_ops.o)
                                         0x28 (size before relaxing)
 .eh_frame      0x000000000000ba98        0x0 C:/devkitPro/devkitA64/bin/../lib/gcc/aarch64-none-elf/13.1.0/../../../../aarch64-none-elf/lib/pic\libstdc++.a(del_opv.o)
                                         0x28 (size before relaxing)
 .eh_frame      0x000000000000ba98       0x28 C:/devkitPro/devkitA64/bin/../lib/gcc/aarch64-none-elf/13.1.0/../../../../aarch64-none-elf/lib/pic\libstdc++.a(new_op.o)
                                         0x38 (size before relaxing)
 .eh_frame      0x000000000000bac0        0x0 C:/devkitPro/devkitA64/bin/../lib/gcc/aarch64-none-elf/13.1.0/../../../../aarch64-none-elf/lib/pic\libstdc++.a(new_opv.o)
                                         0x28 (size before relaxing)
 .eh_frame      0x000000000000bac0       0x78 C:/devkitPro/devkitA64/bin/../lib/gcc/aarch64-none-elf/13.1.0/../../../../aarch64-none-elf/lib/pic\libstdc++.a(functexcept.o)
                                        0x1e0 (size before relaxing)
 .eh_frame      0x000000000000bb38        0x0 C:/devkitPro/devkitA64/bin/../lib/gcc/aarch64-none-elf/13.1.0/../../../../aarch64-none-elf/lib/pic\libstdc++.a(functional.o)
                                         0x78 (size before relaxing)
 .eh_frame      0x000000000000bb38       0xc8 C:/devkitPro/devkitA64/bin/../lib/gcc/aarch64-none-elf/13.1.0/../../../../aarch64-none-elf/lib/pic\libstdc++.a(shared_ptr.o)
                                        0x218 (size before relaxing)
 .eh_frame      0x000000000000bc00       0x50 C:/devkitPro/devkitA64/bin/../lib/gcc/aarch64-none-elf/13.1.0/../../../../aarch64-none-elf/lib/pic\libstdc++.a(bad_alloc.o)
                                         0x60 (size before relaxing)
 .eh_frame      0x000000000000bc50        0x0 C:/devkitPro/devkitA64/bin/../lib/gcc/aarch64-none-elf/13.1.0/../../../../aarch64-none-elf/lib/pic\libstdc++.a(bad_array_new.o)
                                         0x60 (size before relaxing)
 .eh_frame      0x000000000000bc50        0x0 C:/devkitPro/devkitA64/bin/../lib/gcc/aarch64-none-elf/13.1.0/../../../../aarch64-none-elf/lib/pic\libstdc++.a(bad_cast.o)
                                         0x60 (size before relaxing)
 .eh_frame      0x000000000000bc50        0x0 C:/devkitPro/devkitA64/bin/../lib/gcc/aarch64-none-elf/13.1.0/../../../../aarch64-none-elf/lib/pic\libstdc++.a(bad_typeid.o)
                                         0x60 (size before relaxing)
 .eh_frame      0x000000000000bc50       0x18 C:/devkitPro/devkitA64/bin/../lib/gcc/aarch64-none-elf/13.1.0/../../../../aarch64-none-elf/lib/pic\libstdc++.a(del_op.o)
                                         0x28 (size before relaxing)
 .eh_frame      0x000000000000bc68       0xe8 C:/devkitPro/devkitA64/bin/../lib/gcc/aarch64-none-elf/13.1.0/../../../../aarch64-none-elf/lib/pic\libstdc++.a(eh_alloc.o)
                                        0x238 (size before relaxing)
 .eh_frame      0x000000000000bd50       0x18 C:/devkitPro/devkitA64/bin/../lib/gcc/aarch64-none-elf/13.1.0/../../../../aarch64-none-elf/lib/pic\libstdc++.a(eh_exception.o)
                                        0x170 (size before relaxing)
 .eh_frame      0x000000000000bd68      0x1b8 C:/devkitPro/devkitA64/bin/../lib/gcc/aarch64-none-elf/13.1.0/../../../../aarch64-none-elf/lib/pic\libstdc++.a(eh_personality.o)
                                        0x210 (size before relaxing)
 .eh_frame      0x000000000000bf20       0x90 C:/devkitPro/devkitA64/bin/../lib/gcc/aarch64-none-elf/13.1.0/../../../../aarch64-none-elf/lib/pic\libstdc++.a(eh_terminate.o)
                                         0xe8 (size before relaxing)
 .eh_frame      0x000000000000bfb0       0x78 C:/devkitPro/devkitA64/bin/../lib/gcc/aarch64-none-elf/13.1.0/../../../../aarch64-none-elf/lib/pic\libstdc++.a(eh_throw.o)
                                         0xa8 (size before relaxing)
 .eh_frame      0x000000000000c028        0x0 C:/devkitPro/devkitA64/bin/../lib/gcc/aarch64-none-elf/13.1.0/../../../../aarch64-none-elf/lib/pic\libstdc++.a(guard.o)
                                        0x280 (size before relaxing)
 .eh_frame      0x000000000000c028        0x0 C:/devkitPro/devkitA64/bin/../lib/gcc/aarch64-none-elf/13.1.0/../../../../aarch64-none-elf/lib/pic\libstdc++.a(hash_bytes.o)
                                         0x40 (size before relaxing)
 .eh_frame      0x000000000000c028       0x18 C:/devkitPro/devkitA64/bin/../lib/gcc/aarch64-none-elf/13.1.0/../../../../aarch64-none-elf/lib/pic\libstdc++.a(new_handler.o)
                                         0x40 (size before relaxing)
 .eh_frame      0x000000000000c040       0xf8 C:/devkitPro/devkitA64/bin/../lib/gcc/aarch64-none-elf/13.1.0/../../../../aarch64-none-elf/lib/pic\libstdc++.a(si_class_type_info.o)
                                        0x108 (size before relaxing)
 .eh_frame      0x000000000000c138       0x28 C:/devkitPro/devkitA64/bin/../lib/gcc/aarch64-none-elf/13.1.0/../../../../aarch64-none-elf/lib/pic\libstdc++.a(tinfo.o)
                                         0x98 (size before relaxing)
 .eh_frame      0x000000000000c160       0x98 C:/devkitPro/devkitA64/bin/../lib/gcc/aarch64-none-elf/13.1.0/../../../../aarch64-none-elf/lib/pic\libstdc++.a(stdexcept.o)
                                        0x3c0 (size before relaxing)
 .eh_frame      0x000000000000c1f8       0x68 C:/devkitPro/devkitA64/bin/../lib/gcc/aarch64-none-elf/13.1.0/../../../../aarch64-none-elf/lib/pic\libstdc++.a(cow-stdexcept.o)
                                        0xb58 (size before relaxing)
 .eh_frame      0x000000000000c260       0x38 C:/devkitPro/devkitA64/bin/../lib/gcc/aarch64-none-elf/13.1.0/../../../../aarch64-none-elf/lib/pic\libstdc++.a(cow-string-inst.o)
                                       0x1728 (size before relaxing)
 .eh_frame      0x000000000000c298        0x0 C:/devkitPro/devkitA64/bin/../lib/gcc/aarch64-none-elf/13.1.0/../../../../aarch64-none-elf/lib/pic\libstdc++.a(random.o)
                                        0x1b8 (size before relaxing)
 .eh_frame      0x000000000000c298        0x0 C:/devkitPro/devkitA64/bin/../lib/gcc/aarch64-none-elf/13.1.0/../../../../aarch64-none-elf/lib/pic\libstdc++.a(sso_string.o)
                                        0x1b8 (size before relaxing)
 .eh_frame      0x000000000000c298        0x0 C:/devkitPro/devkitA64/bin/../lib/gcc/aarch64-none-elf/13.1.0/../../../../aarch64-none-elf/lib/pic\libstdc++.a(string-inst.o)
                                       0x1758 (size before relaxing)
 .eh_frame      0x000000000000c298      0x138 C:/devkitPro/devkitA64/bin/../lib/gcc/aarch64-none-elf/13.1.0/../../../../aarch64-none-elf/lib/pic\libstdc++.a(class_type_info.o)
                                        0x148 (size before relaxing)
 .eh_frame      0x000000000000c3d0       0x20 C:/devkitPro/devkitA64/bin/../lib/gcc/aarch64-none-elf/13.1.0/../../../../aarch64-none-elf/lib/pic\libstdc++.a(eh_call.o)
                                         0x30 (size before relaxing)
 .eh_frame      0x000000000000c3f0       0x30 C:/devkitPro/devkitA64/bin/../lib/gcc/aarch64-none-elf/13.1.0/../../../../aarch64-none-elf/lib/pic\libstdc++.a(eh_catch.o)
                                         0xc8 (size before relaxing)
 .eh_frame      0x000000000000c420       0x98 C:/devkitPro/devkitA64/bin/../lib/gcc/aarch64-none-elf/13.1.0/../../../../aarch64-none-elf/lib/pic\libstdc++.a(eh_globals.o)
                                         0xe8 (size before relaxing)
 .eh_frame      0x000000000000c4b8       0x18 C:/devkitPro/devkitA64/bin/../lib/gcc/aarch64-none-elf/13.1.0/pic\libgcc.a(_clear_cache.o)
                                         0x28 (size before relaxing)
 .eh_frame      0x000000000000c4d0       0x18 C:/devkitPro/devkitA64/bin/../lib/gcc/aarch64-none-elf/13.1.0/pic\libgcc.a(sync-cache.o)
                                         0x28 (size before relaxing)
 .eh_frame      0x000000000000c4e8      0x5e0 C:/devkitPro/devkitA64/bin/../lib/gcc/aarch64-none-elf/13.1.0/pic\libgcc.a(unwind-dw2.o)
                                        0x830 (size before relaxing)
 .eh_frame      0x000000000000cac8      0x554 C:/devkitPro/devkitA64/bin/../lib/gcc/aarch64-none-elf/13.1.0/pic\libgcc.a(unwind-dw2-fde.o)
                                        0x668 (size before relaxing)
 .eh_frame      0x000000000000d01c        0x4 C:/devkitPro/devkitA64/bin/../lib/gcc/aarch64-none-elf/13.1.0/pic/crtend.o

.note.gnu.build-id
                0x000000000000d020       0x24
 *(.note.gnu.build-id)
 .note.gnu.build-id
                0x000000000000d020       0x24 C:/devkitPro/devkitA64/bin/../lib/gcc/aarch64-none-elf/13.1.0/pic/crti.o
                0x000000000000e000                . = ALIGN (0x1000)

.data           0x000000000000e000      0x2e8
 *(.data .data.*)
 .data.rel.ro   0x000000000000e000        0x0 C:/devkitPro/devkitA64/bin/../lib/gcc/aarch64-none-elf/13.1.0/pic/crti.o
 .data          0x000000000000e000       0x4c C:\devkitPro\msys2\tmp\ccJ1gBrH.ltrans0.ltrans.o
 *fill*         0x000000000000e04c        0x4 
 .data.rel.local
                0x000000000000e050       0x20 C:\devkitPro\msys2\tmp\ccJ1gBrH.ltrans0.ltrans.o
 .data.rel.local.DW.ref.__gxx_personality_v0
                0x000000000000e070        0x8 C:/devkitPro/devkitA64/bin/../lib/gcc/aarch64-none-elf/13.1.0/../../../../aarch64-none-elf/lib/pic\libstdc++.a(functexcept.o)
                0x000000000000e070                DW.ref.__gxx_personality_v0
 .data.rel.ro._ZTIN9__gnu_cxx24__concurrence_lock_errorE
                0x000000000000e078       0x18 C:/devkitPro/devkitA64/bin/../lib/gcc/aarch64-none-elf/13.1.0/../../../../aarch64-none-elf/lib/pic\libstdc++.a(shared_ptr.o)
                0x000000000000e078                typeinfo for __gnu_cxx::__concurrence_lock_error
 .data.rel.ro._ZTIN9__gnu_cxx26__concurrence_unlock_errorE
                0x000000000000e090       0x18 C:/devkitPro/devkitA64/bin/../lib/gcc/aarch64-none-elf/13.1.0/../../../../aarch64-none-elf/lib/pic\libstdc++.a(shared_ptr.o)
                0x000000000000e090                typeinfo for __gnu_cxx::__concurrence_unlock_error
 .data.rel.ro._ZTVN9__gnu_cxx24__concurrence_lock_errorE
                0x000000000000e0a8       0x28 C:/devkitPro/devkitA64/bin/../lib/gcc/aarch64-none-elf/13.1.0/../../../../aarch64-none-elf/lib/pic\libstdc++.a(shared_ptr.o)
                0x000000000000e0a8                vtable for __gnu_cxx::__concurrence_lock_error
 .data.rel.ro._ZTVN9__gnu_cxx26__concurrence_unlock_errorE
                0x000000000000e0d0       0x28 C:/devkitPro/devkitA64/bin/../lib/gcc/aarch64-none-elf/13.1.0/../../../../aarch64-none-elf/lib/pic\libstdc++.a(shared_ptr.o)
                0x000000000000e0d0                vtable for __gnu_cxx::__concurrence_unlock_error
 .data.rel.ro._ZTISt9bad_alloc
                0x000000000000e0f8       0x18 C:/devkitPro/devkitA64/bin/../lib/gcc/aarch64-none-elf/13.1.0/../../../../aarch64-none-elf/lib/pic\libstdc++.a(bad_alloc.o)
                0x000000000000e0f8                typeinfo for std::bad_alloc
 .data.rel.ro._ZTVSt9bad_alloc
                0x000000000000e110       0x28 C:/devkitPro/devkitA64/bin/../lib/gcc/aarch64-none-elf/13.1.0/../../../../aarch64-none-elf/lib/pic\libstdc++.a(bad_alloc.o)
                0x000000000000e110                vtable for std::bad_alloc
 .data.rel.ro._ZTISt9exception
                0x000000000000e138       0x10 C:/devkitPro/devkitA64/bin/../lib/gcc/aarch64-none-elf/13.1.0/../../../../aarch64-none-elf/lib/pic\libstdc++.a(eh_exception.o)
                0x000000000000e138                typeinfo for std::exception
 .data.rel.ro._ZTIN10__cxxabiv115__forced_unwindE
                0x000000000000e148       0x10 C:/devkitPro/devkitA64/bin/../lib/gcc/aarch64-none-elf/13.1.0/../../../../aarch64-none-elf/lib/pic\libstdc++.a(eh_exception.o)
                0x000000000000e148                typeinfo for __cxxabiv1::__forced_unwind
 .data.rel.ro._ZTIN10__cxxabiv119__foreign_exceptionE
                0x000000000000e158       0x10 C:/devkitPro/devkitA64/bin/../lib/gcc/aarch64-none-elf/13.1.0/../../../../aarch64-none-elf/lib/pic\libstdc++.a(eh_exception.o)
                0x000000000000e158                typeinfo for __cxxabiv1::__foreign_exception
 .data.rel._ZN10__cxxabiv120__unexpected_handlerE
                0x000000000000e168        0x8 C:/devkitPro/devkitA64/bin/../lib/gcc/aarch64-none-elf/13.1.0/../../../../aarch64-none-elf/lib/pic\libstdc++.a(eh_unex_handler.o)
                0x000000000000e168                __cxxabiv1::__unexpected_handler
 .data.rel.ro._ZTIN10__cxxabiv120__si_class_type_infoE
                0x000000000000e170       0x18 C:/devkitPro/devkitA64/bin/../lib/gcc/aarch64-none-elf/13.1.0/../../../../aarch64-none-elf/lib/pic\libstdc++.a(si_class_type_info.o)
                0x000000000000e170                typeinfo for __cxxabiv1::__si_class_type_info
 .data.rel.ro._ZTVN10__cxxabiv120__si_class_type_infoE
                0x000000000000e188       0x58 C:/devkitPro/devkitA64/bin/../lib/gcc/aarch64-none-elf/13.1.0/../../../../aarch64-none-elf/lib/pic\libstdc++.a(si_class_type_info.o)
                0x000000000000e188                vtable for __cxxabiv1::__si_class_type_info
 .data.rel.ro._ZTISt9type_info
                0x000000000000e1e0       0x10 C:/devkitPro/devkitA64/bin/../lib/gcc/aarch64-none-elf/13.1.0/../../../../aarch64-none-elf/lib/pic\libstdc++.a(tinfo.o)
                0x000000000000e1e0                typeinfo for std::type_info
 .data.rel.ro._ZTISt11logic_error
                0x000000000000e1f0       0x18 C:/devkitPro/devkitA64/bin/../lib/gcc/aarch64-none-elf/13.1.0/../../../../aarch64-none-elf/lib/pic\libstdc++.a(stdexcept.o)
                0x000000000000e1f0                typeinfo for std::logic_error
 .data.rel.ro._ZTISt12length_error
                0x000000000000e208       0x18 C:/devkitPro/devkitA64/bin/../lib/gcc/aarch64-none-elf/13.1.0/../../../../aarch64-none-elf/lib/pic\libstdc++.a(stdexcept.o)
                0x000000000000e208                typeinfo for std::length_error
 .data.rel.ro._ZTVSt11logic_error
                0x000000000000e220       0x28 C:/devkitPro/devkitA64/bin/../lib/gcc/aarch64-none-elf/13.1.0/../../../../aarch64-none-elf/lib/pic\libstdc++.a(stdexcept.o)
                0x000000000000e220                vtable for std::logic_error
 .data.rel.ro._ZTVSt12length_error
                0x000000000000e248       0x28 C:/devkitPro/devkitA64/bin/../lib/gcc/aarch64-none-elf/13.1.0/../../../../aarch64-none-elf/lib/pic\libstdc++.a(stdexcept.o)
                0x000000000000e248                vtable for std::length_error
 .data.rel.ro._ZTIN10__cxxabiv117__class_type_infoE
                0x000000000000e270       0x18 C:/devkitPro/devkitA64/bin/../lib/gcc/aarch64-none-elf/13.1.0/../../../../aarch64-none-elf/lib/pic\libstdc++.a(class_type_info.o)
                0x000000000000e270                typeinfo for __cxxabiv1::__class_type_info
 .data.rel.ro._ZTVN10__cxxabiv117__class_type_infoE
                0x000000000000e288       0x58 C:/devkitPro/devkitA64/bin/../lib/gcc/aarch64-none-elf/13.1.0/../../../../aarch64-none-elf/lib/pic\libstdc++.a(class_type_info.o)
                0x000000000000e288                vtable for __cxxabiv1::__class_type_info
 .data.rel._ZN10__cxxabiv119__terminate_handlerE
                0x000000000000e2e0        0x8 C:/devkitPro/devkitA64/bin/../lib/gcc/aarch64-none-elf/13.1.0/../../../../aarch64-none-elf/lib/pic\libstdc++.a(eh_term_handler.o)
                0x000000000000e2e0                __cxxabiv1::__terminate_handler

.data.rela.ro
 *(.data.rela.ro.local*)
 *(.data.rela.ro .data.rela.ro.*)

.data.rel.ro
 *(.data.rel.ro.local*)
 *(.data.rel.ro .data.rel.ro.*)
                0x000000000000e2e8                __got_start__ = .

.got            0x000000000000e2e8      0x210
 *(.got.plt)
 .got.plt       0x000000000000e2e8       0xf8 C:/devkitPro/devkitA64/bin/../lib/gcc/aarch64-none-elf/13.1.0/pic/crti.o
 *(.igot.plt)
 *(.got)
 .got           0x000000000000e3e0      0x118 C:/devkitPro/devkitA64/bin/../lib/gcc/aarch64-none-elf/13.1.0/pic/crti.o
                0x000000000000e3e0                _GLOBAL_OFFSET_TABLE_
 *(.igot)
                0x000000000000e4f8                __got_end__ = .

.dynamic        0x000000000000e4f8      0x180
                0x000000000000e4f8                __dynamic_start__ = .
 *(.dynamic)
 .dynamic       0x000000000000e4f8      0x180 C:/devkitPro/devkitA64/bin/../lib/gcc/aarch64-none-elf/13.1.0/pic/crti.o
                0x000000000000e4f8                _DYNAMIC
                0x000000000000e678                . = ALIGN (0x8)

.preinit_array  0x000000000000e678        0x0
                0x000000000000e678                PROVIDE (__preinit_array_start__ = .)
 *(.preinit_array)
                0x000000000000e678                PROVIDE (__preinit_array_end__ = .)

.init_array     0x000000000000e678       0x18
                0x000000000000e678                PROVIDE (__init_array_start__ = .)
 *(SORT_BY_INIT_PRIORITY(.init_array.*))
 *(.init_array)
 .init_array    0x000000000000e678        0x8 C:/devkitPro/devkitA64/bin/../lib/gcc/aarch64-none-elf/13.1.0/pic/crtbegin.o
 .init_array    0x000000000000e680        0x8 C:/devkitPro/devkitA64/bin/../lib/gcc/aarch64-none-elf/13.1.0/../../../../aarch64-none-elf/lib/pic\libstdc++.a(eh_alloc.o)
 .init_array    0x000000000000e688        0x8 C:/devkitPro/devkitA64/bin/../lib/gcc/aarch64-none-elf/13.1.0/../../../../aarch64-none-elf/lib/pic\libstdc++.a(eh_globals.o)
                0x000000000000e690                PROVIDE (__init_array_end__ = .)

.fini_array     0x000000000000e690       0x18
                0x000000000000e690                PROVIDE (__fini_array_start__ = .)
 *(SORT_BY_INIT_PRIORITY(.fini_array.*))
 *(.fini_array)
 .fini_array    0x000000000000e690        0x8 C:/devkitPro/devkitA64/bin/../lib/gcc/aarch64-none-elf/13.1.0/pic/crtbegin.o
 .fini_array    0x000000000000e698        0x8 C:\devkitPro\msys2\tmp\ccJ1gBrH.ltrans0.ltrans.o
 .fini_array    0x000000000000e6a0        0x8 C:/devkitPro/devkitA64/bin/../lib/gcc/aarch64-none-elf/13.1.0/../../../../aarch64-none-elf/lib/pic\libstdc++.a(eh_globals.o)
                0x000000000000e6a8                PROVIDE (__fini_array_end__ = .)

.tdata          0x000000000000e6a8        0x0
                0x000000000000e6a8                __tdata_align_abs__ = ABSOLUTE (.)
                0x000000000000e6a8                __tdata_start__ = .
 *(.tdata .tdata.*)
                0x000000000000e6a8                __tdata_end__ = .

.tbss           0x000000000000e6a8        0x0
                0x000000000000e6a8                __tbss_align_abs__ = ABSOLUTE (.)
                0x000000000000e6a8                __tbss_start__ = .
 *(.tbss .tbss.*)
 *(.tcommon)
                0x000000000000e6a8                __tbss_end__ = .
                0x000000000000f000                . = ALIGN (0x1000)

.bss            0x000000000000f000     0x1000
                0x000000000000f000                __bss_start__ = .
 *(.bss .bss.*)
 .bss.completed.1
                0x000000000000f000        0x1 C:/devkitPro/devkitA64/bin/../lib/gcc/aarch64-none-elf/13.1.0/pic/crtbegin.o
 *fill*         0x000000000000f001        0x7 
 .bss.object.0  0x000000000000f008       0x30 C:/devkitPro/devkitA64/bin/../lib/gcc/aarch64-none-elf/13.1.0/pic/crtbegin.o
 .bss           0x000000000000f038      0x1c8 C:\devkitPro\msys2\tmp\ccJ1gBrH.ltrans0.ltrans.o
                0x000000000000f128                __stack_top
                0x000000000000f130                __nx_module_runtime
 .bss._ZN12_GLOBAL__N_114emergency_poolE
                0x000000000000f200       0x28 C:/devkitPro/devkitA64/bin/../lib/gcc/aarch64-none-elf/13.1.0/../../../../aarch64-none-elf/lib/pic\libstdc++.a(eh_alloc.o)
 .bss._ZN12_GLOBAL__N_113__new_handlerE
                0x000000000000f228        0x8 C:/devkitPro/devkitA64/bin/../lib/gcc/aarch64-none-elf/13.1.0/../../../../aarch64-none-elf/lib/pic\libstdc++.a(new_handler.o)
 .bss._ZNSs4_Rep20_S_empty_rep_storageE
                0x000000000000f230       0x20 C:/devkitPro/devkitA64/bin/../lib/gcc/aarch64-none-elf/13.1.0/../../../../aarch64-none-elf/lib/pic\libstdc++.a(cow-string-inst.o)
                0x000000000000f230                std::string::_Rep::_S_empty_rep_storage
 .bss._ZL4init  0x000000000000f250        0x4 C:/devkitPro/devkitA64/bin/../lib/gcc/aarch64-none-elf/13.1.0/../../../../aarch64-none-elf/lib/pic\libstdc++.a(eh_globals.o)
 .bss._ZN17__eh_globals_init7_S_initE
                0x000000000000f254        0x1 C:/devkitPro/devkitA64/bin/../lib/gcc/aarch64-none-elf/13.1.0/../../../../aarch64-none-elf/lib/pic\libstdc++.a(eh_globals.o)
                0x000000000000f254                __eh_globals_init::_S_init
 *fill*         0x000000000000f255        0x3 
 .bss._ZN12_GLOBAL__N_110eh_globalsE
                0x000000000000f258       0x10 C:/devkitPro/devkitA64/bin/../lib/gcc/aarch64-none-elf/13.1.0/../../../../aarch64-none-elf/lib/pic\libstdc++.a(eh_globals.o)
 .bss.cache_info.0
                0x000000000000f268        0x4 C:/devkitPro/devkitA64/bin/../lib/gcc/aarch64-none-elf/13.1.0/pic\libgcc.a(sync-cache.o)
 *fill*         0x000000000000f26c        0x4 
 .bss.once_regsizes.0
                0x000000000000f270        0x4 C:/devkitPro/devkitA64/bin/../lib/gcc/aarch64-none-elf/13.1.0/pic\libgcc.a(unwind-dw2.o)
 *fill*         0x000000000000f274        0xc 
 .bss.dwarf_reg_size_table
                0x000000000000f280       0x62 C:/devkitPro/devkitA64/bin/../lib/gcc/aarch64-none-elf/13.1.0/pic\libgcc.a(unwind-dw2.o)
 *fill*         0x000000000000f2e2        0x6 
 .bss.object_mutex
                0x000000000000f2e8       0x10 C:/devkitPro/devkitA64/bin/../lib/gcc/aarch64-none-elf/13.1.0/pic\libgcc.a(unwind-dw2-fde.o)
 .bss.seen_objects
                0x000000000000f2f8        0x8 C:/devkitPro/devkitA64/bin/../lib/gcc/aarch64-none-elf/13.1.0/pic\libgcc.a(unwind-dw2-fde.o)
 .bss.unseen_objects
                0x000000000000f300        0x8 C:/devkitPro/devkitA64/bin/../lib/gcc/aarch64-none-elf/13.1.0/pic\libgcc.a(unwind-dw2-fde.o)
 *(COMMON)
                0x000000000000f308                . = ALIGN (0x8)
                0x000000000000f308                __bss_end__ = .
                0x0000000000010000                . = ALIGN (0x1000)
 *fill*         0x000000000000f308      0xcf8 
                0x0000000000010000                __end__ = ABSOLUTE (.)
                0x0000000000010000                __argdata__ = .

.dynbss         0x0000000000010000        0x0
 .dynbss        0x0000000000010000        0x0 C:/devkitPro/devkitA64/bin/../lib/gcc/aarch64-none-elf/13.1.0/pic/crti.o

/DISCARD/
 *(.interp)
LOAD C:/devkitPro/devkitA64/bin/../lib/gcc/aarch64-none-elf/13.1.0/pic/crti.o
LOAD C:/devkitPro/devkitA64/bin/../lib/gcc/aarch64-none-elf/13.1.0/pic/crtbegin.o
LOAD C:\devkitPro\msys2\tmp\ccJ1gBrH.ltrans0.ltrans.o
LOAD C:\devkitPro\msys2\tmp\ccclUfyS.debug.temp.o
LOAD C:\devkitPro\msys2\tmp\cc4HQViw.debug.temp.o
LOAD C:\devkitPro\msys2\tmp\ccsPwJ58.debug.temp.o
LOAD C:\devkitPro\msys2\tmp\ccEGlwOL.debug.temp.o
LOAD C:\devkitPro\msys2\tmp\ccOK3hMo.debug.temp.o
LOAD C:\devkitPro\msys2\tmp\ccEQ1CB1.debug.temp.o
LOAD C:\devkitPro\msys2\tmp\ccqYpQEE.debug.temp.o
LOAD C:\devkitPro\msys2\tmp\ccGHJ1Gh.debug.temp.o
LOAD C:\devkitPro\msys2\tmp\ccErsbjU.debug.temp.o
LOAD C:\devkitPro\msys2\tmp\ccmhcUQw.debug.temp.o
LOAD C:\devkitPro\msys2\tmp\ccAtlIr8.debug.temp.o
LOAD C:\devkitPro\msys2\tmp\ccgOhHaK.debug.temp.o
LOAD C:\devkitPro\msys2\tmp\ccILZ6Ol.debug.temp.o
LOAD C:\devkitPro\msys2\tmp\ccGlTgJX.debug.temp.o
LOAD C:\devkitPro\msys2\tmp\ccCmJ1yz.debug.temp.o
LOAD C:\devkitPro\msys2\tmp\cc47GmBb.debug.temp.o
LOAD C:\devkitPro\msys2\tmp\ccukBizN.debug.temp.o
LOAD C:\devkitPro\msys2\tmp\ccs2SYgt.debug.temp.o
LOAD C:\devkitPro\msys2\tmp\cc6JDdU8.debug.temp.o
LOAD C:\devkitPro\msys2\tmp\ccwAI4JO.debug.temp.o
LOAD C:\devkitPro\msys2\tmp\ccKaIHIu.debug.temp.o
LOAD C:\devkitPro\msys2\tmp\ccWbEVCa.debug.temp.o
LOAD C:\devkitPro\msys2\tmp\ccWwnSKQ.debug.temp.o
LOAD C:\devkitPro\msys2\tmp\cc8TmEQw.debug.temp.o
LOAD C:\devkitPro\msys2\tmp\ccMdJKWb.debug.temp.o
LOAD C:\devkitPro\msys2\tmp\ccijGiYQ.debug.temp.o
LOAD C:\devkitPro\msys2\tmp\ccsZzGdw.debug.temp.o
LOAD C:\devkitPro\msys2\tmp\ccmLuDob.debug.temp.o
LOAD crt0.o
LOAD armutils.o
LOAD cache.o
LOAD svc.o
LOAD C:/devkitPro/devkitA64/bin/../lib/gcc/aarch64-none-elf/13.1.0/pic\libgcc.a
LOAD C:/devkitPro/devkitA64/bin/../lib/gcc/aarch64-none-elf/13.1.0/../../../../aarch64-none-elf/lib/pic\libstdc++.a
LOAD C:/devkitPro/devkitA64/bin/../lib/gcc/aarch64-none-elf/13.1.0/pic/crtend.o
LOAD C:/devkitPro/devkitA64/bin/../lib/gcc/aarch64-none-elf/13.1.0/pic/crtn.o
OUTPUT(C:/Users/hugo.barrera/GB-FilterDisabler-plugin/GB-FilterDisabler-plugin.elf elf64-littleaarch64)

.comment        0x0000000000000000       0x48
 .comment       0x0000000000000000       0x23 C:/devkitPro/devkitA64/bin/../lib/gcc/aarch64-none-elf/13.1.0/pic/crtbegin.o
                                         0x24 (size before relaxing)
 .comment       0x0000000000000023       0x25 C:\devkitPro\msys2\tmp\ccJ1gBrH.ltrans0.ltrans.o
                                         0x26 (size before relaxing)
 .comment       0x0000000000000048       0x24 C:/devkitPro/devkitA64/bin/../lib/gcc/aarch64-none-elf/13.1.0/../../../../aarch64-none-elf/lib/pic\libstdc++.a(del_ops.o)
 .comment       0x0000000000000048       0x24 C:/devkitPro/devkitA64/bin/../lib/gcc/aarch64-none-elf/13.1.0/../../../../aarch64-none-elf/lib/pic\libstdc++.a(del_opv.o)
 .comment       0x0000000000000048       0x24 C:/devkitPro/devkitA64/bin/../lib/gcc/aarch64-none-elf/13.1.0/../../../../aarch64-none-elf/lib/pic\libstdc++.a(new_op.o)
 .comment       0x0000000000000048       0x24 C:/devkitPro/devkitA64/bin/../lib/gcc/aarch64-none-elf/13.1.0/../../../../aarch64-none-elf/lib/pic\libstdc++.a(new_opv.o)
 .comment       0x0000000000000048       0x24 C:/devkitPro/devkitA64/bin/../lib/gcc/aarch64-none-elf/13.1.0/../../../../aarch64-none-elf/lib/pic\libstdc++.a(functexcept.o)
 .comment       0x0000000000000048       0x24 C:/devkitPro/devkitA64/bin/../lib/gcc/aarch64-none-elf/13.1.0/../../../../aarch64-none-elf/lib/pic\libstdc++.a(functional.o)
 .comment       0x0000000000000048       0x24 C:/devkitPro/devkitA64/bin/../lib/gcc/aarch64-none-elf/13.1.0/../../../../aarch64-none-elf/lib/pic\libstdc++.a(shared_ptr.o)
 .comment       0x0000000000000048       0x24 C:/devkitPro/devkitA64/bin/../lib/gcc/aarch64-none-elf/13.1.0/../../../../aarch64-none-elf/lib/pic\libstdc++.a(bad_alloc.o)
 .comment       0x0000000000000048       0x24 C:/devkitPro/devkitA64/bin/../lib/gcc/aarch64-none-elf/13.1.0/../../../../aarch64-none-elf/lib/pic\libstdc++.a(bad_array_new.o)
 .comment       0x0000000000000048       0x24 C:/devkitPro/devkitA64/bin/../lib/gcc/aarch64-none-elf/13.1.0/../../../../aarch64-none-elf/lib/pic\libstdc++.a(bad_cast.o)
 .comment       0x0000000000000048       0x24 C:/devkitPro/devkitA64/bin/../lib/gcc/aarch64-none-elf/13.1.0/../../../../aarch64-none-elf/lib/pic\libstdc++.a(bad_typeid.o)
 .comment       0x0000000000000048       0x24 C:/devkitPro/devkitA64/bin/../lib/gcc/aarch64-none-elf/13.1.0/../../../../aarch64-none-elf/lib/pic\libstdc++.a(del_op.o)
 .comment       0x0000000000000048       0x24 C:/devkitPro/devkitA64/bin/../lib/gcc/aarch64-none-elf/13.1.0/../../../../aarch64-none-elf/lib/pic\libstdc++.a(eh_alloc.o)
 .comment       0x0000000000000048       0x24 C:/devkitPro/devkitA64/bin/../lib/gcc/aarch64-none-elf/13.1.0/../../../../aarch64-none-elf/lib/pic\libstdc++.a(eh_exception.o)
 .comment       0x0000000000000048       0x24 C:/devkitPro/devkitA64/bin/../lib/gcc/aarch64-none-elf/13.1.0/../../../../aarch64-none-elf/lib/pic\libstdc++.a(eh_personality.o)
 .comment       0x0000000000000048       0x24 C:/devkitPro/devkitA64/bin/../lib/gcc/aarch64-none-elf/13.1.0/../../../../aarch64-none-elf/lib/pic\libstdc++.a(eh_terminate.o)
 .comment       0x0000000000000048       0x24 C:/devkitPro/devkitA64/bin/../lib/gcc/aarch64-none-elf/13.1.0/../../../../aarch64-none-elf/lib/pic\libstdc++.a(eh_throw.o)
 .comment       0x0000000000000048       0x24 C:/devkitPro/devkitA64/bin/../lib/gcc/aarch64-none-elf/13.1.0/../../../../aarch64-none-elf/lib/pic\libstdc++.a(eh_unex_handler.o)
 .comment       0x0000000000000048       0x24 C:/devkitPro/devkitA64/bin/../lib/gcc/aarch64-none-elf/13.1.0/../../../../aarch64-none-elf/lib/pic\libstdc++.a(guard.o)
 .comment       0x0000000000000048       0x24 C:/devkitPro/devkitA64/bin/../lib/gcc/aarch64-none-elf/13.1.0/../../../../aarch64-none-elf/lib/pic\libstdc++.a(hash_bytes.o)
 .comment       0x0000000000000048       0x24 C:/devkitPro/devkitA64/bin/../lib/gcc/aarch64-none-elf/13.1.0/../../../../aarch64-none-elf/lib/pic\libstdc++.a(new_handler.o)
 .comment       0x0000000000000048       0x24 C:/devkitPro/devkitA64/bin/../lib/gcc/aarch64-none-elf/13.1.0/../../../../aarch64-none-elf/lib/pic\libstdc++.a(si_class_type_info.o)
 .comment       0x0000000000000048       0x24 C:/devkitPro/devkitA64/bin/../lib/gcc/aarch64-none-elf/13.1.0/../../../../aarch64-none-elf/lib/pic\libstdc++.a(tinfo.o)
 .comment       0x0000000000000048       0x24 C:/devkitPro/devkitA64/bin/../lib/gcc/aarch64-none-elf/13.1.0/../../../../aarch64-none-elf/lib/pic\libstdc++.a(stdexcept.o)
 .comment       0x0000000000000048       0x24 C:/devkitPro/devkitA64/bin/../lib/gcc/aarch64-none-elf/13.1.0/../../../../aarch64-none-elf/lib/pic\libstdc++.a(cow-stdexcept.o)
 .comment       0x0000000000000048       0x24 C:/devkitPro/devkitA64/bin/../lib/gcc/aarch64-none-elf/13.1.0/../../../../aarch64-none-elf/lib/pic\libstdc++.a(cow-string-inst.o)
 .comment       0x0000000000000048       0x24 C:/devkitPro/devkitA64/bin/../lib/gcc/aarch64-none-elf/13.1.0/../../../../aarch64-none-elf/lib/pic\libstdc++.a(random.o)
 .comment       0x0000000000000048       0x24 C:/devkitPro/devkitA64/bin/../lib/gcc/aarch64-none-elf/13.1.0/../../../../aarch64-none-elf/lib/pic\libstdc++.a(sso_string.o)
 .comment       0x0000000000000048       0x24 C:/devkitPro/devkitA64/bin/../lib/gcc/aarch64-none-elf/13.1.0/../../../../aarch64-none-elf/lib/pic\libstdc++.a(string-inst.o)
 .comment       0x0000000000000048       0x24 C:/devkitPro/devkitA64/bin/../lib/gcc/aarch64-none-elf/13.1.0/../../../../aarch64-none-elf/lib/pic\libstdc++.a(class_type_info.o)
 .comment       0x0000000000000048       0x24 C:/devkitPro/devkitA64/bin/../lib/gcc/aarch64-none-elf/13.1.0/../../../../aarch64-none-elf/lib/pic\libstdc++.a(eh_call.o)
 .comment       0x0000000000000048       0x24 C:/devkitPro/devkitA64/bin/../lib/gcc/aarch64-none-elf/13.1.0/../../../../aarch64-none-elf/lib/pic\libstdc++.a(eh_catch.o)
 .comment       0x0000000000000048       0x24 C:/devkitPro/devkitA64/bin/../lib/gcc/aarch64-none-elf/13.1.0/../../../../aarch64-none-elf/lib/pic\libstdc++.a(eh_globals.o)
 .comment       0x0000000000000048       0x24 C:/devkitPro/devkitA64/bin/../lib/gcc/aarch64-none-elf/13.1.0/../../../../aarch64-none-elf/lib/pic\libstdc++.a(eh_term_handler.o)
 .comment       0x0000000000000048       0x24 C:/devkitPro/devkitA64/bin/../lib/gcc/aarch64-none-elf/13.1.0/pic\libgcc.a(_clear_cache.o)
 .comment       0x0000000000000048       0x24 C:/devkitPro/devkitA64/bin/../lib/gcc/aarch64-none-elf/13.1.0/pic\libgcc.a(sync-cache.o)
 .comment       0x0000000000000048       0x24 C:/devkitPro/devkitA64/bin/../lib/gcc/aarch64-none-elf/13.1.0/pic\libgcc.a(unwind-dw2.o)
 .comment       0x0000000000000048       0x24 C:/devkitPro/devkitA64/bin/../lib/gcc/aarch64-none-elf/13.1.0/pic\libgcc.a(unwind-dw2-fde.o)
 .comment       0x0000000000000048       0x24 C:/devkitPro/devkitA64/bin/../lib/gcc/aarch64-none-elf/13.1.0/pic/crtend.o

.debug_info     0x0000000000000000    0x27f6f
 .debug_info    0x0000000000000000     0x72f2 C:\devkitPro\msys2\tmp\ccJ1gBrH.ltrans0.ltrans.o
 .debug_info    0x00000000000072f2     0x225b C:\devkitPro\msys2\tmp\ccclUfyS.debug.temp.o
                0x00000000000072f2                main.cpp.bf3274ef
 .debug_info    0x000000000000954d       0xb4 C:\devkitPro\msys2\tmp\cc4HQViw.debug.temp.o
                0x000000000000954d                module.cpp.70129895
 .debug_info    0x0000000000009601     0x236d C:\devkitPro\msys2\tmp\ccOK3hMo.debug.temp.o
                0x0000000000009601                main_patch.cpp.422ecef1
 .debug_info    0x000000000000b96e     0x3c51 C:\devkitPro\msys2\tmp\ccqYpQEE.debug.temp.o
                0x000000000000b96e                And64InlineHook.cpp.a8353c42
 .debug_info    0x000000000000f5bf     0x27fe C:\devkitPro\msys2\tmp\ccGHJ1Gh.debug.temp.o
                0x000000000000f5bf                controlledpages.cpp.e6580d3d
 .debug_info    0x0000000000011dbd      0x217 C:\devkitPro\msys2\tmp\ccErsbjU.debug.temp.o
                0x0000000000011dbd                memcpy_controlled.cpp.f20d520b
 .debug_info    0x0000000000011fd4     0x5c69 C:\devkitPro\msys2\tmp\ccmhcUQw.debug.temp.o
                0x0000000000011fd4                KernelLogger.cpp.967ba22f
 .debug_info    0x0000000000017c3d     0xa389 C:\devkitPro\msys2\tmp\ccILZ6Ol.debug.temp.o
                0x0000000000017c3d                cpputils.cpp.116b7071
 .debug_info    0x0000000000021fc6     0x3b65 C:\devkitPro\msys2\tmp\ccGlTgJX.debug.temp.o
                0x0000000000021fc6                ipc.cpp.cccf37c2
 .debug_info    0x0000000000025b2b      0x180 C:\devkitPro\msys2\tmp\ccCmJ1yz.debug.temp.o
                0x0000000000025b2b                crti.c.5a046145
 .debug_info    0x0000000000025cab      0x343 C:\devkitPro\msys2\tmp\ccukBizN.debug.temp.o
                0x0000000000025cab                utils.c.c8328ff9
 .debug_info    0x0000000000025fee      0x606 C:\devkitPro\msys2\tmp\ccwAI4JO.debug.temp.o
                0x0000000000025fee                jit.c.0399c6bf
 .debug_info    0x00000000000265f4      0xeae C:\devkitPro\msys2\tmp\ccWwnSKQ.debug.temp.o
                0x00000000000265f4                thread.c.4befcead
 .debug_info    0x00000000000274a2      0x567 C:\devkitPro\msys2\tmp\cc8TmEQw.debug.temp.o
                0x00000000000274a2                virtmem.c.ee27a07b
 .debug_info    0x0000000000027a09      0x443 C:\devkitPro\msys2\tmp\ccMdJKWb.debug.temp.o
                0x0000000000027a09                env.c.accb13c3
 .debug_info    0x0000000000027e4c       0x8f C:\devkitPro\msys2\tmp\ccsZzGdw.debug.temp.o
                0x0000000000027e4c                init.c.a518c834
 .debug_info    0x0000000000027edb       0x2e crt0.o
 .debug_info    0x0000000000027f09       0x22 armutils.o
 .debug_info    0x0000000000027f2b       0x22 cache.o
 .debug_info    0x0000000000027f4d       0x22 svc.o

.debug_abbrev   0x0000000000000000     0x47a9
 .debug_abbrev  0x0000000000000000      0x2d2 C:\devkitPro\msys2\tmp\ccJ1gBrH.ltrans0.ltrans.o
 .debug_abbrev  0x00000000000002d2      0x533 C:\devkitPro\msys2\tmp\ccclUfyS.debug.temp.o
 .debug_abbrev  0x0000000000000805       0x84 C:\devkitPro\msys2\tmp\cc4HQViw.debug.temp.o
 .debug_abbrev  0x0000000000000889      0x56d C:\devkitPro\msys2\tmp\ccOK3hMo.debug.temp.o
 .debug_abbrev  0x0000000000000df6      0x84c C:\devkitPro\msys2\tmp\ccqYpQEE.debug.temp.o
 .debug_abbrev  0x0000000000001642      0x5f4 C:\devkitPro\msys2\tmp\ccGHJ1Gh.debug.temp.o
 .debug_abbrev  0x0000000000001c36      0x183 C:\devkitPro\msys2\tmp\ccErsbjU.debug.temp.o
 .debug_abbrev  0x0000000000001db9      0x8ec C:\devkitPro\msys2\tmp\ccmhcUQw.debug.temp.o
 .debug_abbrev  0x00000000000026a5     0x100b C:\devkitPro\msys2\tmp\ccILZ6Ol.debug.temp.o
 .debug_abbrev  0x00000000000036b0      0x703 C:\devkitPro\msys2\tmp\ccGlTgJX.debug.temp.o
 .debug_abbrev  0x0000000000003db3       0xc6 C:\devkitPro\msys2\tmp\ccCmJ1yz.debug.temp.o
 .debug_abbrev  0x0000000000003e79      0x128 C:\devkitPro\msys2\tmp\ccukBizN.debug.temp.o
 .debug_abbrev  0x0000000000003fa1      0x173 C:\devkitPro\msys2\tmp\ccwAI4JO.debug.temp.o
 .debug_abbrev  0x0000000000004114      0x2ef C:\devkitPro\msys2\tmp\ccWwnSKQ.debug.temp.o
 .debug_abbrev  0x0000000000004403      0x19f C:\devkitPro\msys2\tmp\cc8TmEQw.debug.temp.o
 .debug_abbrev  0x00000000000045a2      0x17f C:\devkitPro\msys2\tmp\ccMdJKWb.debug.temp.o
 .debug_abbrev  0x0000000000004721       0x3e C:\devkitPro\msys2\tmp\ccsZzGdw.debug.temp.o
 .debug_abbrev  0x000000000000475f       0x14 crt0.o
 .debug_abbrev  0x0000000000004773       0x12 armutils.o
 .debug_abbrev  0x0000000000004785       0x12 cache.o
 .debug_abbrev  0x0000000000004797       0x12 svc.o

.debug_loclists
                0x0000000000000000     0x7cf9
 .debug_loclists
                0x0000000000000000     0x7cf9 C:\devkitPro\msys2\tmp\ccJ1gBrH.ltrans0.ltrans.o

.debug_aranges  0x0000000000000000      0x770
 .debug_aranges
                0x0000000000000000       0x40 C:\devkitPro\msys2\tmp\ccJ1gBrH.ltrans0.ltrans.o
 .debug_aranges
                0x0000000000000040       0x30 crt0.o
 .debug_aranges
                0x0000000000000070       0x40 armutils.o
 .debug_aranges
                0x00000000000000b0       0x60 cache.o
 .debug_aranges
                0x0000000000000110      0x660 svc.o

.debug_rnglists
                0x0000000000000000     0x1326
 .debug_rnglists
                0x0000000000000000     0x1326 C:\devkitPro\msys2\tmp\ccJ1gBrH.ltrans0.ltrans.o

.debug_line     0x0000000000000000     0x60c0
 .debug_line    0x0000000000000000     0x46c1 C:\devkitPro\msys2\tmp\ccJ1gBrH.ltrans0.ltrans.o
 .debug_line    0x00000000000046c1      0x1b3 C:\devkitPro\msys2\tmp\ccclUfyS.debug.temp.o
 .debug_line    0x0000000000004874       0x3a C:\devkitPro\msys2\tmp\cc4HQViw.debug.temp.o
 .debug_line    0x00000000000048ae      0x170 C:\devkitPro\msys2\tmp\ccOK3hMo.debug.temp.o
 .debug_line    0x0000000000004a1e      0x191 C:\devkitPro\msys2\tmp\ccqYpQEE.debug.temp.o
 .debug_line    0x0000000000004baf      0x17d C:\devkitPro\msys2\tmp\ccGHJ1Gh.debug.temp.o